D:\AI\airllm\.venv\Lib\site-packages\transformers\utils\hub.py:128: FutureWarning: Using `TRANSFORMERS_CACHE` is deprecated and will be removed in v5 of Transformers. Use `HF_HOME` instead.
  warnings.warn(
BetterTransformer is deprecated and will be removed in Optimum v2.0.
BetterTransformer is deprecated and will be removed in Optimum v2.0.

running layers(cuda:0):   0%|          | 0/63 [00:00<?, ?it/s]
running layers(cuda:0):   2%|1         | 1/63 [00:00<00:55,  1.11it/s]
running layers(cuda:0):   3%|3         | 2/63 [00:02<01:14,  1.22s/it]
running layers(cuda:0):   5%|4         | 3/63 [00:03<00:57,  1.04it/s]
running layers(cuda:0):   6%|6         | 4/63 [00:06<01:52,  1.91s/it]
running layers(cuda:0):   8%|7         | 5/63 [00:09<02:20,  2.42s/it]
running layers(cuda:0):  10%|9         | 6/63 [00:12<02:34,  2.72s/it]
running layers(cuda:0):  11%|#1        | 7/63 [00:16<02:44,  2.93s/it]
running layers(cuda:0):  13%|#2        | 8/63 [00:19<02:47,  3.05s/it]
running layers(cuda:0):  14%|#4        | 9/63 [00:23<02:49,  3.14s/it]
running layers(cuda:0):  16%|#5        | 10/63 [00:26<02:49,  3.20s/it]
running layers(cuda:0):  17%|#7        | 11/63 [00:29<02:48,  3.25s/it]
running layers(cuda:0):  19%|#9        | 12/63 [00:32<02:46,  3.26s/it]
running layers(cuda:0):  21%|##        | 13/63 [00:36<02:43,  3.28s/it]
running layers(cuda:0):  22%|##2       | 14/63 [00:39<02:43,  3.33s/it]
running layers(cuda:0):  24%|##3       | 15/63 [00:43<02:38,  3.31s/it]
running layers(cuda:0):  25%|##5       | 16/63 [00:46<02:35,  3.31s/it]
running layers(cuda:0):  27%|##6       | 17/63 [00:49<02:32,  3.31s/it]
running layers(cuda:0):  29%|##8       | 18/63 [00:52<02:28,  3.30s/it]
running layers(cuda:0):  30%|###       | 19/63 [00:56<02:24,  3.29s/it]
running layers(cuda:0):  32%|###1      | 20/63 [00:59<02:21,  3.30s/it]
running layers(cuda:0):  33%|###3      | 21/63 [01:02<02:18,  3.31s/it]
running layers(cuda:0):  35%|###4      | 22/63 [01:06<02:14,  3.28s/it]
running layers(cuda:0):  37%|###6      | 23/63 [01:09<02:10,  3.26s/it]
running layers(cuda:0):  38%|###8      | 24/63 [01:12<02:06,  3.24s/it]
running layers(cuda:0):  40%|###9      | 25/63 [01:15<02:03,  3.25s/it]
running layers(cuda:0):  41%|####1     | 26/63 [01:19<02:01,  3.27s/it]
running layers(cuda:0):  43%|####2     | 27/63 [01:22<01:58,  3.29s/it]
running layers(cuda:0):  44%|####4     | 28/63 [01:25<01:54,  3.28s/it]
running layers(cuda:0):  46%|####6     | 29/63 [01:30<02:03,  3.62s/it]
running layers(cuda:0):  48%|####7     | 30/63 [01:33<01:55,  3.49s/it]
running layers(cuda:0):  49%|####9     | 31/63 [01:36<01:50,  3.44s/it]
running layers(cuda:0):  51%|#####     | 32/63 [01:39<01:44,  3.38s/it]
running layers(cuda:0):  52%|#####2    | 33/63 [01:43<01:40,  3.36s/it]
running layers(cuda:0):  54%|#####3    | 34/63 [01:46<01:36,  3.33s/it]
running layers(cuda:0):  56%|#####5    | 35/63 [01:49<01:32,  3.30s/it]
running layers(cuda:0):  57%|#####7    | 36/63 [01:52<01:29,  3.30s/it]
running layers(cuda:0):  59%|#####8    | 37/63 [01:56<01:25,  3.30s/it]
running layers(cuda:0):  60%|######    | 38/63 [01:59<01:22,  3.29s/it]
running layers(cuda:0):  62%|######1   | 39/63 [02:02<01:19,  3.31s/it]
running layers(cuda:0):  63%|######3   | 40/63 [02:06<01:15,  3.30s/it]
running layers(cuda:0):  65%|######5   | 41/63 [02:09<01:12,  3.30s/it]
running layers(cuda:0):  67%|######6   | 42/63 [02:12<01:09,  3.29s/it]
running layers(cuda:0):  68%|######8   | 43/63 [02:15<01:05,  3.28s/it]
running layers(cuda:0):  70%|######9   | 44/63 [02:19<01:02,  3.28s/it]
running layers(cuda:0):  71%|#######1  | 45/63 [02:22<00:58,  3.27s/it]
running layers(cuda:0):  73%|#######3  | 46/63 [02:25<00:55,  3.25s/it]
running layers(cuda:0):  75%|#######4  | 47/63 [02:28<00:51,  3.25s/it]
running layers(cuda:0):  76%|#######6  | 48/63 [02:32<00:48,  3.25s/it]
running layers(cuda:0):  78%|#######7  | 49/63 [02:35<00:45,  3.26s/it]
running layers(cuda:0):  79%|#######9  | 50/63 [02:38<00:42,  3.28s/it]
running layers(cuda:0):  81%|########  | 51/63 [02:42<00:39,  3.28s/it]
running layers(cuda:0):  83%|########2 | 52/63 [02:45<00:36,  3.27s/it]
running layers(cuda:0):  84%|########4 | 53/63 [02:49<00:34,  3.43s/it]
running layers(cuda:0):  86%|########5 | 54/63 [02:52<00:31,  3.55s/it]
running layers(cuda:0):  87%|########7 | 55/63 [02:56<00:28,  3.58s/it]
running layers(cuda:0):  89%|########8 | 56/63 [03:00<00:25,  3.68s/it]
running layers(cuda:0):  90%|######### | 57/63 [03:04<00:22,  3.79s/it]
running layers(cuda:0):  92%|#########2| 58/63 [03:08<00:19,  3.83s/it]
running layers(cuda:0):  94%|#########3| 59/63 [03:12<00:15,  3.77s/it]
running layers(cuda:0):  95%|#########5| 60/63 [03:16<00:11,  3.86s/it]
running layers(cuda:0):  97%|#########6| 61/63 [03:19<00:07,  3.81s/it]
running layers(cuda:0):  98%|#########8| 62/63 [03:20<00:02,  2.83s/it]
running layers(cuda:0): 100%|##########| 63/63 [03:23<00:00,  2.80s/it]
running layers(cuda:0): 100%|##########| 63/63 [03:23<00:00,  3.22s/it]
BetterTransformer is deprecated and will be removed in Optimum v2.0.

running layers(cuda:0):   0%|          | 0/63 [00:00<?, ?it/s]
running layers(cuda:0):   2%|1         | 1/63 [00:03<03:07,  3.03s/it]
running layers(cuda:0):   3%|3         | 2/63 [00:07<03:45,  3.70s/it]
running layers(cuda:0):   5%|4         | 3/63 [00:11<03:53,  3.88s/it]
running layers(cuda:0):   6%|6         | 4/63 [00:15<03:57,  4.03s/it]
running layers(cuda:0):   8%|7         | 5/63 [00:19<03:44,  3.87s/it]
running layers(cuda:0):  10%|9         | 6/63 [00:22<03:38,  3.84s/it]
running layers(cuda:0):  11%|#1        | 7/63 [00:26<03:35,  3.84s/it]
running layers(cuda:0):  13%|#2        | 8/63 [00:30<03:32,  3.86s/it]
running layers(cuda:0):  14%|#4        | 9/63 [00:34<03:26,  3.82s/it]
running layers(cuda:0):  16%|#5        | 10/63 [00:38<03:20,  3.78s/it]
running layers(cuda:0):  17%|#7        | 11/63 [00:41<03:08,  3.62s/it]
running layers(cuda:0):  19%|#9        | 12/63 [00:44<02:58,  3.50s/it]
running layers(cuda:0):  21%|##        | 13/63 [00:47<02:53,  3.48s/it]
running layers(cuda:0):  22%|##2       | 14/63 [00:51<02:47,  3.41s/it]
running layers(cuda:0):  24%|##3       | 15/63 [00:54<02:41,  3.36s/it]
running layers(cuda:0):  25%|##5       | 16/63 [00:57<02:36,  3.33s/it]
running layers(cuda:0):  27%|##6       | 17/63 [01:00<02:31,  3.30s/it]
running layers(cuda:0):  29%|##8       | 18/63 [01:04<02:28,  3.30s/it]
running layers(cuda:0):  30%|###       | 19/63 [01:07<02:25,  3.31s/it]
running layers(cuda:0):  32%|###1      | 20/63 [01:10<02:20,  3.27s/it]
running layers(cuda:0):  33%|###3      | 21/63 [01:14<02:17,  3.28s/it]
running layers(cuda:0):  35%|###4      | 22/63 [01:17<02:14,  3.27s/it]
running layers(cuda:0):  37%|###6      | 23/63 [01:20<02:10,  3.26s/it]
running layers(cuda:0):  38%|###8      | 24/63 [01:23<02:07,  3.27s/it]
running layers(cuda:0):  40%|###9      | 25/63 [01:27<02:03,  3.25s/it]
running layers(cuda:0):  41%|####1     | 26/63 [01:30<02:00,  3.26s/it]
running layers(cuda:0):  43%|####2     | 27/63 [01:33<01:56,  3.25s/it]
running layers(cuda:0):  44%|####4     | 28/63 [01:36<01:53,  3.24s/it]
running layers(cuda:0):  46%|####6     | 29/63 [01:40<01:50,  3.26s/it]
running layers(cuda:0):  48%|####7     | 30/63 [01:43<01:47,  3.25s/it]
running layers(cuda:0):  49%|####9     | 31/63 [01:46<01:44,  3.26s/it]
running layers(cuda:0):  51%|#####     | 32/63 [01:49<01:40,  3.26s/it]
running layers(cuda:0):  52%|#####2    | 33/63 [01:53<01:37,  3.24s/it]
running layers(cuda:0):  54%|#####3    | 34/63 [01:56<01:34,  3.25s/it]
running layers(cuda:0):  56%|#####5    | 35/63 [01:59<01:31,  3.25s/it]
running layers(cuda:0):  57%|#####7    | 36/63 [02:02<01:27,  3.24s/it]
running layers(cuda:0):  59%|#####8    | 37/63 [02:06<01:24,  3.25s/it]
running layers(cuda:0):  60%|######    | 38/63 [02:09<01:20,  3.24s/it]
running layers(cuda:0):  62%|######1   | 39/63 [02:12<01:17,  3.23s/it]
running layers(cuda:0):  63%|######3   | 40/63 [02:16<01:17,  3.39s/it]
running layers(cuda:0):  65%|######5   | 41/63 [02:19<01:16,  3.47s/it]
running layers(cuda:0):  67%|######6   | 42/63 [02:23<01:14,  3.54s/it]
running layers(cuda:0):  68%|######8   | 43/63 [02:27<01:11,  3.57s/it]
running layers(cuda:0):  70%|######9   | 44/63 [02:30<01:08,  3.60s/it]
running layers(cuda:0):  71%|#######1  | 45/63 [02:34<01:04,  3.61s/it]
running layers(cuda:0):  73%|#######3  | 46/63 [02:38<01:02,  3.65s/it]
running layers(cuda:0):  75%|#######4  | 47/63 [02:41<00:57,  3.62s/it]
running layers(cuda:0):  76%|#######6  | 48/63 [02:45<00:54,  3.64s/it]
running layers(cuda:0):  78%|#######7  | 49/63 [02:49<00:50,  3.62s/it]
running layers(cuda:0):  79%|#######9  | 50/63 [02:52<00:47,  3.63s/it]
running layers(cuda:0):  81%|########  | 51/63 [02:56<00:44,  3.70s/it]
running layers(cuda:0):  83%|########2 | 52/63 [03:00<00:40,  3.67s/it]
running layers(cuda:0):  84%|########4 | 53/63 [03:03<00:36,  3.69s/it]
running layers(cuda:0):  86%|########5 | 54/63 [03:07<00:33,  3.68s/it]
running layers(cuda:0):  87%|########7 | 55/63 [03:11<00:29,  3.66s/it]
running layers(cuda:0):  89%|########8 | 56/63 [03:14<00:25,  3.69s/it]
running layers(cuda:0):  90%|######### | 57/63 [03:18<00:22,  3.71s/it]
running layers(cuda:0):  92%|#########2| 58/63 [03:22<00:18,  3.70s/it]
running layers(cuda:0):  94%|#########3| 59/63 [03:26<00:14,  3.68s/it]
running layers(cuda:0):  95%|#########5| 60/63 [03:29<00:11,  3.67s/it]
running layers(cuda:0):  97%|#########6| 61/63 [03:32<00:06,  3.49s/it]
running layers(cuda:0):  98%|#########8| 62/63 [03:32<00:02,  2.52s/it]
running layers(cuda:0): 100%|##########| 63/63 [03:35<00:00,  2.51s/it]
running layers(cuda:0): 100%|##########| 63/63 [03:35<00:00,  3.42s/it]
BetterTransformer is deprecated and will be removed in Optimum v2.0.

running layers(cuda:0):   0%|          | 0/63 [00:00<?, ?it/s]
running layers(cuda:0):   2%|1         | 1/63 [00:02<02:40,  2.59s/it]
running layers(cuda:0):   3%|3         | 2/63 [00:05<03:03,  3.01s/it]
running layers(cuda:0):   5%|4         | 3/63 [00:09<03:04,  3.08s/it]
running layers(cuda:0):   6%|6         | 4/63 [00:12<03:05,  3.15s/it]
running layers(cuda:0):   8%|7         | 5/63 [00:15<03:03,  3.17s/it]
running layers(cuda:0):  10%|9         | 6/63 [00:18<03:01,  3.19s/it]
running layers(cuda:0):  11%|#1        | 7/63 [00:22<02:59,  3.21s/it]
running layers(cuda:0):  13%|#2        | 8/63 [00:25<02:56,  3.21s/it]
running layers(cuda:0):  14%|#4        | 9/63 [00:28<02:53,  3.22s/it]
running layers(cuda:0):  16%|#5        | 10/63 [00:31<02:50,  3.23s/it]
running layers(cuda:0):  17%|#7        | 11/63 [00:34<02:47,  3.22s/it]
running layers(cuda:0):  19%|#9        | 12/63 [00:38<02:44,  3.23s/it]
running layers(cuda:0):  21%|##        | 13/63 [00:41<02:41,  3.23s/it]
running layers(cuda:0):  22%|##2       | 14/63 [00:44<02:37,  3.22s/it]
running layers(cuda:0):  24%|##3       | 15/63 [00:47<02:35,  3.23s/it]
running layers(cuda:0):  25%|##5       | 16/63 [00:51<02:31,  3.23s/it]
running layers(cuda:0):  27%|##6       | 17/63 [00:54<02:28,  3.23s/it]
running layers(cuda:0):  29%|##8       | 18/63 [00:57<02:26,  3.25s/it]
running layers(cuda:0):  30%|###       | 19/63 [01:00<02:22,  3.24s/it]
running layers(cuda:0):  32%|###1      | 20/63 [01:04<02:20,  3.27s/it]
running layers(cuda:0):  33%|###3      | 21/63 [01:07<02:22,  3.40s/it]
running layers(cuda:0):  35%|###4      | 22/63 [01:11<02:22,  3.48s/it]
running layers(cuda:0):  37%|###6      | 23/63 [01:15<02:21,  3.53s/it]
running layers(cuda:0):  38%|###8      | 24/63 [01:18<02:19,  3.58s/it]
running layers(cuda:0):  40%|###9      | 25/63 [01:22<02:16,  3.60s/it]
running layers(cuda:0):  41%|####1     | 26/63 [01:26<02:13,  3.62s/it]
running layers(cuda:0):  43%|####2     | 27/63 [01:29<02:11,  3.64s/it]
running layers(cuda:0):  44%|####4     | 28/63 [01:33<02:06,  3.62s/it]
running layers(cuda:0):  46%|####6     | 29/63 [01:37<02:03,  3.65s/it]
running layers(cuda:0):  48%|####7     | 30/63 [01:40<02:00,  3.67s/it]
running layers(cuda:0):  49%|####9     | 31/63 [01:44<01:52,  3.51s/it]
running layers(cuda:0):  51%|#####     | 32/63 [01:47<01:45,  3.42s/it]
running layers(cuda:0):  52%|#####2    | 33/63 [01:50<01:40,  3.37s/it]
running layers(cuda:0):  54%|#####3    | 34/63 [01:53<01:36,  3.32s/it]
running layers(cuda:0):  56%|#####5    | 35/63 [01:56<01:31,  3.28s/it]
running layers(cuda:0):  57%|#####7    | 36/63 [02:00<01:28,  3.27s/it]
running layers(cuda:0):  59%|#####8    | 37/63 [02:03<01:24,  3.25s/it]
running layers(cuda:0):  60%|######    | 38/63 [02:06<01:21,  3.25s/it]
running layers(cuda:0):  62%|######1   | 39/63 [02:09<01:17,  3.24s/it]
running layers(cuda:0):  63%|######3   | 40/63 [02:12<01:14,  3.23s/it]
running layers(cuda:0):  65%|######5   | 41/63 [02:16<01:11,  3.24s/it]
running layers(cuda:0):  67%|######6   | 42/63 [02:19<01:07,  3.23s/it]
running layers(cuda:0):  68%|######8   | 43/63 [02:22<01:04,  3.22s/it]
running layers(cuda:0):  70%|######9   | 44/63 [02:25<01:01,  3.23s/it]
running layers(cuda:0):  71%|#######1  | 45/63 [02:29<00:58,  3.24s/it]
running layers(cuda:0):  73%|#######3  | 46/63 [02:32<00:55,  3.24s/it]
running layers(cuda:0):  75%|#######4  | 47/63 [02:35<00:51,  3.23s/it]
running layers(cuda:0):  76%|#######6  | 48/63 [02:38<00:48,  3.23s/it]
running layers(cuda:0):  78%|#######7  | 49/63 [02:42<00:45,  3.24s/it]
running layers(cuda:0):  79%|#######9  | 50/63 [02:45<00:42,  3.25s/it]
running layers(cuda:0):  81%|########  | 51/63 [02:48<00:38,  3.23s/it]
running layers(cuda:0):  83%|########2 | 52/63 [02:51<00:35,  3.24s/it]
running layers(cuda:0):  84%|########4 | 53/63 [02:55<00:32,  3.25s/it]
running layers(cuda:0):  86%|########5 | 54/63 [02:58<00:29,  3.25s/it]
running layers(cuda:0):  87%|########7 | 55/63 [03:01<00:26,  3.25s/it]
running layers(cuda:0):  89%|########8 | 56/63 [03:04<00:22,  3.24s/it]
running layers(cuda:0):  90%|######### | 57/63 [03:08<00:19,  3.26s/it]
running layers(cuda:0):  92%|#########2| 58/63 [03:11<00:16,  3.27s/it]
running layers(cuda:0):  94%|#########3| 59/63 [03:14<00:13,  3.28s/it]
running layers(cuda:0):  95%|#########5| 60/63 [03:18<00:09,  3.28s/it]
running layers(cuda:0):  97%|#########6| 61/63 [03:21<00:06,  3.27s/it]
running layers(cuda:0):  98%|#########8| 62/63 [03:21<00:02,  2.37s/it]
running layers(cuda:0): 100%|##########| 63/63 [03:24<00:00,  2.41s/it]
running layers(cuda:0): 100%|##########| 63/63 [03:24<00:00,  3.24s/it]
BetterTransformer is deprecated and will be removed in Optimum v2.0.

running layers(cuda:0):   0%|          | 0/63 [00:00<?, ?it/s]
running layers(cuda:0):   2%|1         | 1/63 [00:02<02:40,  2.59s/it]
running layers(cuda:0):   3%|3         | 2/63 [00:05<03:04,  3.03s/it]
running layers(cuda:0):   5%|4         | 3/63 [00:09<03:06,  3.11s/it]
running layers(cuda:0):   6%|6         | 4/63 [00:12<03:07,  3.18s/it]
running layers(cuda:0):   8%|7         | 5/63 [00:15<03:05,  3.21s/it]
running layers(cuda:0):  10%|9         | 6/63 [00:18<03:02,  3.21s/it]
running layers(cuda:0):  11%|#1        | 7/63 [00:22<03:00,  3.22s/it]
running layers(cuda:0):  13%|#2        | 8/63 [00:25<02:56,  3.22s/it]
running layers(cuda:0):  14%|#4        | 9/63 [00:28<02:54,  3.22s/it]
running layers(cuda:0):  16%|#5        | 10/63 [00:31<02:51,  3.24s/it]
running layers(cuda:0):  17%|#7        | 11/63 [00:35<02:48,  3.23s/it]
running layers(cuda:0):  19%|#9        | 12/63 [00:38<02:44,  3.23s/it]
running layers(cuda:0):  21%|##        | 13/63 [00:41<02:42,  3.24s/it]
running layers(cuda:0):  22%|##2       | 14/63 [00:44<02:38,  3.23s/it]
running layers(cuda:0):  24%|##3       | 15/63 [00:48<02:35,  3.24s/it]
running layers(cuda:0):  25%|##5       | 16/63 [00:51<02:31,  3.23s/it]
running layers(cuda:0):  27%|##6       | 17/63 [00:54<02:28,  3.23s/it]
running layers(cuda:0):  29%|##8       | 18/63 [00:57<02:25,  3.24s/it]
running layers(cuda:0):  30%|###       | 19/63 [01:00<02:21,  3.23s/it]
running layers(cuda:0):  32%|###1      | 20/63 [01:04<02:19,  3.24s/it]
running layers(cuda:0):  33%|###3      | 21/63 [01:07<02:16,  3.25s/it]
running layers(cuda:0):  35%|###4      | 22/63 [01:10<02:13,  3.26s/it]
running layers(cuda:0):  37%|###6      | 23/63 [01:13<02:10,  3.25s/it]
running layers(cuda:0):  38%|###8      | 24/63 [01:17<02:06,  3.25s/it]
running layers(cuda:0):  40%|###9      | 25/63 [01:20<02:03,  3.26s/it]
running layers(cuda:0):  41%|####1     | 26/63 [01:23<02:00,  3.27s/it]
running layers(cuda:0):  43%|####2     | 27/63 [01:27<01:57,  3.27s/it]
running layers(cuda:0):  44%|####4     | 28/63 [01:30<01:55,  3.29s/it]
running layers(cuda:0):  46%|####6     | 29/63 [01:33<01:51,  3.28s/it]
running layers(cuda:0):  48%|####7     | 30/63 [01:36<01:48,  3.29s/it]
running layers(cuda:0):  49%|####9     | 31/63 [01:40<01:44,  3.28s/it]
running layers(cuda:0):  51%|#####     | 32/63 [01:43<01:41,  3.27s/it]
running layers(cuda:0):  52%|#####2    | 33/63 [01:46<01:38,  3.28s/it]
running layers(cuda:0):  54%|#####3    | 34/63 [01:50<01:34,  3.27s/it]
running layers(cuda:0):  56%|#####5    | 35/63 [01:53<01:31,  3.27s/it]
running layers(cuda:0):  57%|#####7    | 36/63 [01:56<01:28,  3.27s/it]
running layers(cuda:0):  59%|#####8    | 37/63 [01:59<01:25,  3.27s/it]
running layers(cuda:0):  60%|######    | 38/63 [02:03<01:21,  3.26s/it]
running layers(cuda:0):  62%|######1   | 39/63 [02:06<01:18,  3.27s/it]
running layers(cuda:0):  63%|######3   | 40/63 [02:09<01:15,  3.26s/it]
running layers(cuda:0):  65%|######5   | 41/63 [02:12<01:11,  3.26s/it]
running layers(cuda:0):  67%|######6   | 42/63 [02:16<01:08,  3.27s/it]
running layers(cuda:0):  68%|######8   | 43/63 [02:19<01:05,  3.27s/it]
running layers(cuda:0):  70%|######9   | 44/63 [02:22<01:02,  3.27s/it]
running layers(cuda:0):  71%|#######1  | 45/63 [02:25<00:58,  3.27s/it]
running layers(cuda:0):  73%|#######3  | 46/63 [02:29<00:55,  3.26s/it]
running layers(cuda:0):  75%|#######4  | 47/63 [02:32<00:51,  3.25s/it]
running layers(cuda:0):  76%|#######6  | 48/63 [02:35<00:48,  3.26s/it]
running layers(cuda:0):  78%|#######7  | 49/63 [02:38<00:45,  3.25s/it]
running layers(cuda:0):  79%|#######9  | 50/63 [02:42<00:42,  3.25s/it]
running layers(cuda:0):  81%|########  | 51/63 [02:45<00:39,  3.27s/it]
running layers(cuda:0):  83%|########2 | 52/63 [02:48<00:35,  3.27s/it]
running layers(cuda:0):  84%|########4 | 53/63 [02:52<00:32,  3.26s/it]
running layers(cuda:0):  86%|########5 | 54/63 [02:55<00:29,  3.29s/it]
running layers(cuda:0):  87%|########7 | 55/63 [02:58<00:25,  3.25s/it]
running layers(cuda:0):  89%|########8 | 56/63 [03:01<00:22,  3.27s/it]
running layers(cuda:0):  90%|######### | 57/63 [03:05<00:19,  3.25s/it]
running layers(cuda:0):  92%|#########2| 58/63 [03:08<00:16,  3.22s/it]
running layers(cuda:0):  94%|#########3| 59/63 [03:11<00:12,  3.21s/it]
running layers(cuda:0):  95%|#########5| 60/63 [03:14<00:09,  3.22s/it]
running layers(cuda:0):  97%|#########6| 61/63 [03:17<00:06,  3.22s/it]
running layers(cuda:0):  98%|#########8| 62/63 [03:18<00:02,  2.35s/it]
running layers(cuda:0): 100%|##########| 63/63 [03:20<00:00,  2.41s/it]
running layers(cuda:0): 100%|##########| 63/63 [03:20<00:00,  3.19s/it]
BetterTransformer is deprecated and will be removed in Optimum v2.0.

running layers(cuda:0):   0%|          | 0/63 [00:00<?, ?it/s]
running layers(cuda:0):   2%|1         | 1/63 [00:03<03:16,  3.17s/it]
running layers(cuda:0):   3%|3         | 2/63 [00:06<03:17,  3.24s/it]
running layers(cuda:0):   5%|4         | 3/63 [00:09<03:14,  3.23s/it]
running layers(cuda:0):   6%|6         | 4/63 [00:12<03:12,  3.27s/it]
running layers(cuda:0):   8%|7         | 5/63 [00:16<03:06,  3.22s/it]
running layers(cuda:0):  10%|9         | 6/63 [00:19<03:03,  3.23s/it]
running layers(cuda:0):  11%|#1        | 7/63 [00:22<03:00,  3.23s/it]
running layers(cuda:0):  13%|#2        | 8/63 [00:25<02:57,  3.23s/it]
running layers(cuda:0):  14%|#4        | 9/63 [00:29<02:55,  3.25s/it]
running layers(cuda:0):  16%|#5        | 10/63 [00:32<02:51,  3.24s/it]
running layers(cuda:0):  17%|#7        | 11/63 [00:35<02:48,  3.24s/it]
running layers(cuda:0):  19%|#9        | 12/63 [00:38<02:45,  3.24s/it]
running layers(cuda:0):  21%|##        | 13/63 [00:42<02:41,  3.23s/it]
running layers(cuda:0):  22%|##2       | 14/63 [00:45<02:38,  3.24s/it]
running layers(cuda:0):  24%|##3       | 15/63 [00:48<02:35,  3.23s/it]
running layers(cuda:0):  25%|##5       | 16/63 [00:51<02:31,  3.23s/it]
running layers(cuda:0):  27%|##6       | 17/63 [00:54<02:28,  3.23s/it]
running layers(cuda:0):  29%|##8       | 18/63 [00:58<02:25,  3.23s/it]
running layers(cuda:0):  30%|###       | 19/63 [01:01<02:21,  3.23s/it]
running layers(cuda:0):  32%|###1      | 20/63 [01:04<02:18,  3.22s/it]
running layers(cuda:0):  33%|###3      | 21/63 [01:07<02:15,  3.22s/it]
running layers(cuda:0):  35%|###4      | 22/63 [01:11<02:12,  3.22s/it]
running layers(cuda:0):  37%|###6      | 23/63 [01:14<02:08,  3.22s/it]
running layers(cuda:0):  38%|###8      | 24/63 [01:17<02:05,  3.22s/it]
running layers(cuda:0):  40%|###9      | 25/63 [01:20<02:02,  3.24s/it]
running layers(cuda:0):  41%|####1     | 26/63 [01:23<01:59,  3.23s/it]
running layers(cuda:0):  43%|####2     | 27/63 [01:27<01:56,  3.23s/it]
running layers(cuda:0):  44%|####4     | 28/63 [01:30<01:52,  3.23s/it]
running layers(cuda:0):  46%|####6     | 29/63 [01:33<01:49,  3.21s/it]
running layers(cuda:0):  48%|####7     | 30/63 [01:36<01:46,  3.22s/it]
running layers(cuda:0):  49%|####9     | 31/63 [01:40<01:43,  3.22s/it]
running layers(cuda:0):  51%|#####     | 32/63 [01:43<01:39,  3.21s/it]
running layers(cuda:0):  52%|#####2    | 33/63 [01:46<01:36,  3.22s/it]
running layers(cuda:0):  54%|#####3    | 34/63 [01:49<01:33,  3.21s/it]
running layers(cuda:0):  56%|#####5    | 35/63 [01:52<01:30,  3.22s/it]
running layers(cuda:0):  57%|#####7    | 36/63 [01:56<01:26,  3.21s/it]
running layers(cuda:0):  59%|#####8    | 37/63 [01:59<01:23,  3.21s/it]
running layers(cuda:0):  60%|######    | 38/63 [02:02<01:20,  3.21s/it]
running layers(cuda:0):  62%|######1   | 39/63 [02:05<01:17,  3.22s/it]
running layers(cuda:0):  63%|######3   | 40/63 [02:08<01:13,  3.21s/it]
running layers(cuda:0):  65%|######5   | 41/63 [02:12<01:10,  3.22s/it]
running layers(cuda:0):  67%|######6   | 42/63 [02:15<01:07,  3.21s/it]
running layers(cuda:0):  68%|######8   | 43/63 [02:18<01:04,  3.22s/it]
running layers(cuda:0):  70%|######9   | 44/63 [02:21<01:01,  3.23s/it]
running layers(cuda:0):  71%|#######1  | 45/63 [02:25<00:58,  3.22s/it]
running layers(cuda:0):  73%|#######3  | 46/63 [02:28<00:54,  3.23s/it]
running layers(cuda:0):  75%|#######4  | 47/63 [02:31<00:51,  3.22s/it]
running layers(cuda:0):  76%|#######6  | 48/63 [02:34<00:48,  3.22s/it]
running layers(cuda:0):  78%|#######7  | 49/63 [02:38<00:45,  3.23s/it]
running layers(cuda:0):  79%|#######9  | 50/63 [02:41<00:41,  3.21s/it]
running layers(cuda:0):  81%|########  | 51/63 [02:44<00:38,  3.22s/it]
running layers(cuda:0):  83%|########2 | 52/63 [02:47<00:35,  3.22s/it]
running layers(cuda:0):  84%|########4 | 53/63 [02:50<00:32,  3.21s/it]
running layers(cuda:0):  86%|########5 | 54/63 [02:54<00:29,  3.22s/it]
running layers(cuda:0):  87%|########7 | 55/63 [02:57<00:25,  3.22s/it]
running layers(cuda:0):  89%|########8 | 56/63 [03:00<00:22,  3.21s/it]
running layers(cuda:0):  90%|######### | 57/63 [03:03<00:19,  3.22s/it]
running layers(cuda:0):  92%|#########2| 58/63 [03:06<00:16,  3.22s/it]
running layers(cuda:0):  94%|#########3| 59/63 [03:10<00:12,  3.23s/it]
running layers(cuda:0):  95%|#########5| 60/63 [03:13<00:09,  3.23s/it]
running layers(cuda:0):  97%|#########6| 61/63 [03:16<00:06,  3.22s/it]
running layers(cuda:0):  98%|#########8| 62/63 [03:16<00:02,  2.33s/it]
running layers(cuda:0): 100%|##########| 63/63 [03:19<00:00,  2.38s/it]
running layers(cuda:0): 100%|##########| 63/63 [03:19<00:00,  3.16s/it]
BetterTransformer is deprecated and will be removed in Optimum v2.0.

running layers(cuda:0):   0%|          | 0/63 [00:00<?, ?it/s]
running layers(cuda:0):   2%|1         | 1/63 [00:02<02:39,  2.58s/it]
running layers(cuda:0):   3%|3         | 2/63 [00:05<03:02,  3.00s/it]
running layers(cuda:0):   5%|4         | 3/63 [00:09<03:05,  3.09s/it]
running layers(cuda:0):   6%|6         | 4/63 [00:12<03:05,  3.15s/it]
running layers(cuda:0):   8%|7         | 5/63 [00:15<03:04,  3.17s/it]
running layers(cuda:0):  10%|9         | 6/63 [00:18<03:01,  3.18s/it]
running layers(cuda:0):  11%|#1        | 7/63 [00:21<02:58,  3.19s/it]
running layers(cuda:0):  13%|#2        | 8/63 [00:25<02:55,  3.19s/it]
running layers(cuda:0):  14%|#4        | 9/63 [00:28<02:53,  3.21s/it]
running layers(cuda:0):  16%|#5        | 10/63 [00:31<02:50,  3.22s/it]
running layers(cuda:0):  17%|#7        | 11/63 [00:34<02:46,  3.21s/it]
running layers(cuda:0):  19%|#9        | 12/63 [00:38<02:44,  3.22s/it]
running layers(cuda:0):  21%|##        | 13/63 [00:41<02:40,  3.22s/it]
running layers(cuda:0):  22%|##2       | 14/63 [00:44<02:37,  3.22s/it]
running layers(cuda:0):  24%|##3       | 15/63 [00:47<02:34,  3.22s/it]
running layers(cuda:0):  25%|##5       | 16/63 [00:50<02:31,  3.21s/it]
running layers(cuda:0):  27%|##6       | 17/63 [00:54<02:27,  3.22s/it]
running layers(cuda:0):  29%|##8       | 18/63 [00:57<02:25,  3.22s/it]
running layers(cuda:0):  30%|###       | 19/63 [01:00<02:21,  3.22s/it]
running layers(cuda:0):  32%|###1      | 20/63 [01:03<02:18,  3.23s/it]
running layers(cuda:0):  33%|###3      | 21/63 [01:07<02:15,  3.23s/it]
running layers(cuda:0):  35%|###4      | 22/63 [01:10<02:11,  3.22s/it]
running layers(cuda:0):  37%|###6      | 23/63 [01:13<02:08,  3.22s/it]
running layers(cuda:0):  38%|###8      | 24/63 [01:16<02:05,  3.22s/it]
running layers(cuda:0):  40%|###9      | 25/63 [01:19<02:02,  3.22s/it]
running layers(cuda:0):  41%|####1     | 26/63 [01:23<01:59,  3.23s/it]
running layers(cuda:0):  43%|####2     | 27/63 [01:26<01:55,  3.22s/it]
running layers(cuda:0):  44%|####4     | 28/63 [01:29<01:52,  3.22s/it]
running layers(cuda:0):  46%|####6     | 29/63 [01:32<01:49,  3.22s/it]
running layers(cuda:0):  48%|####7     | 30/63 [01:35<01:46,  3.21s/it]
running layers(cuda:0):  49%|####9     | 31/63 [01:39<01:42,  3.22s/it]
running layers(cuda:0):  51%|#####     | 32/63 [01:42<01:40,  3.25s/it]
running layers(cuda:0):  52%|#####2    | 33/63 [01:45<01:36,  3.22s/it]
running layers(cuda:0):  54%|#####3    | 34/63 [01:48<01:33,  3.22s/it]
running layers(cuda:0):  56%|#####5    | 35/63 [01:52<01:29,  3.20s/it]
running layers(cuda:0):  57%|#####7    | 36/63 [01:55<01:26,  3.19s/it]
running layers(cuda:0):  59%|#####8    | 37/63 [01:58<01:23,  3.19s/it]
running layers(cuda:0):  60%|######    | 38/63 [02:01<01:20,  3.22s/it]
running layers(cuda:0):  62%|######1   | 39/63 [02:04<01:16,  3.20s/it]
running layers(cuda:0):  63%|######3   | 40/63 [02:08<01:13,  3.21s/it]
running layers(cuda:0):  65%|######5   | 41/63 [02:11<01:10,  3.21s/it]
running layers(cuda:0):  67%|######6   | 42/63 [02:14<01:07,  3.22s/it]
running layers(cuda:0):  68%|######8   | 43/63 [02:17<01:04,  3.23s/it]
running layers(cuda:0):  70%|######9   | 44/63 [02:21<01:01,  3.22s/it]
running layers(cuda:0):  71%|#######1  | 45/63 [02:24<00:58,  3.23s/it]
running layers(cuda:0):  73%|#######3  | 46/63 [02:27<00:54,  3.22s/it]
running layers(cuda:0):  75%|#######4  | 47/63 [02:30<00:51,  3.21s/it]
running layers(cuda:0):  76%|#######6  | 48/63 [02:33<00:48,  3.22s/it]
running layers(cuda:0):  78%|#######7  | 49/63 [02:37<00:45,  3.22s/it]
running layers(cuda:0):  79%|#######9  | 50/63 [02:40<00:41,  3.22s/it]
running layers(cuda:0):  81%|########  | 51/63 [02:43<00:38,  3.22s/it]
running layers(cuda:0):  83%|########2 | 52/63 [02:46<00:35,  3.22s/it]
running layers(cuda:0):  84%|########4 | 53/63 [02:50<00:32,  3.23s/it]
running layers(cuda:0):  86%|########5 | 54/63 [02:53<00:28,  3.21s/it]
running layers(cuda:0):  87%|########7 | 55/63 [02:56<00:25,  3.22s/it]
running layers(cuda:0):  89%|########8 | 56/63 [02:59<00:22,  3.22s/it]
running layers(cuda:0):  90%|######### | 57/63 [03:02<00:19,  3.23s/it]
running layers(cuda:0):  92%|#########2| 58/63 [03:06<00:16,  3.23s/it]
running layers(cuda:0):  94%|#########3| 59/63 [03:09<00:12,  3.22s/it]
running layers(cuda:0):  95%|#########5| 60/63 [03:12<00:09,  3.22s/it]
running layers(cuda:0):  97%|#########6| 61/63 [03:15<00:06,  3.23s/it]
running layers(cuda:0):  98%|#########8| 62/63 [03:16<00:02,  2.33s/it]
running layers(cuda:0): 100%|##########| 63/63 [03:18<00:00,  2.38s/it]
running layers(cuda:0): 100%|##########| 63/63 [03:18<00:00,  3.15s/it]
BetterTransformer is deprecated and will be removed in Optimum v2.0.

running layers(cuda:0):   0%|          | 0/63 [00:00<?, ?it/s]
running layers(cuda:0):   2%|1         | 1/63 [00:02<02:40,  2.58s/it]
running layers(cuda:0):   3%|3         | 2/63 [00:05<03:02,  2.99s/it]
running layers(cuda:0):   5%|4         | 3/63 [00:09<03:06,  3.10s/it]
running layers(cuda:0):   6%|6         | 4/63 [00:12<03:05,  3.15s/it]
running layers(cuda:0):   8%|7         | 5/63 [00:15<03:03,  3.17s/it]
running layers(cuda:0):  10%|9         | 6/63 [00:18<03:01,  3.18s/it]
running layers(cuda:0):  11%|#1        | 7/63 [00:21<02:58,  3.19s/it]
running layers(cuda:0):  13%|#2        | 8/63 [00:25<02:56,  3.21s/it]
running layers(cuda:0):  14%|#4        | 9/63 [00:28<02:52,  3.20s/it]
running layers(cuda:0):  16%|#5        | 10/63 [00:34<03:37,  4.11s/it]
running layers(cuda:0):  17%|#7        | 11/63 [00:37<03:21,  3.88s/it]
running layers(cuda:0):  19%|#9        | 12/63 [00:41<03:12,  3.78s/it]
running layers(cuda:0):  21%|##        | 13/63 [00:44<03:05,  3.71s/it]
running layers(cuda:0):  22%|##2       | 14/63 [00:48<02:59,  3.67s/it]
running layers(cuda:0):  24%|##3       | 15/63 [00:52<02:54,  3.64s/it]
running layers(cuda:0):  25%|##5       | 16/63 [00:55<02:50,  3.64s/it]
running layers(cuda:0):  27%|##6       | 17/63 [00:59<02:46,  3.62s/it]
running layers(cuda:0):  29%|##8       | 18/63 [01:02<02:42,  3.62s/it]
running layers(cuda:0):  30%|###       | 19/63 [01:06<02:37,  3.59s/it]
running layers(cuda:0):  32%|###1      | 20/63 [01:10<02:34,  3.59s/it]
running layers(cuda:0):  33%|###3      | 21/63 [01:13<02:30,  3.58s/it]
running layers(cuda:0):  35%|###4      | 22/63 [01:17<02:26,  3.58s/it]
running layers(cuda:0):  37%|###6      | 23/63 [01:20<02:22,  3.57s/it]
running layers(cuda:0):  38%|###8      | 24/63 [01:24<02:19,  3.57s/it]
running layers(cuda:0):  40%|###9      | 25/63 [01:27<02:15,  3.55s/it]
running layers(cuda:0):  41%|####1     | 26/63 [01:31<02:12,  3.58s/it]
running layers(cuda:0):  43%|####2     | 27/63 [01:35<02:08,  3.57s/it]
running layers(cuda:0):  44%|####4     | 28/63 [01:38<02:05,  3.58s/it]
running layers(cuda:0):  46%|####6     | 29/63 [01:42<02:01,  3.58s/it]
running layers(cuda:0):  48%|####7     | 30/63 [01:45<01:58,  3.59s/it]
running layers(cuda:0):  49%|####9     | 31/63 [01:49<01:54,  3.59s/it]
running layers(cuda:0):  51%|#####     | 32/63 [01:53<01:51,  3.61s/it]
running layers(cuda:0):  52%|#####2    | 33/63 [01:56<01:47,  3.58s/it]
running layers(cuda:0):  54%|#####3    | 34/63 [02:00<01:43,  3.57s/it]
running layers(cuda:0):  56%|#####5    | 35/63 [02:03<01:39,  3.57s/it]
running layers(cuda:0):  57%|#####7    | 36/63 [02:07<01:35,  3.55s/it]
running layers(cuda:0):  59%|#####8    | 37/63 [02:10<01:32,  3.54s/it]
running layers(cuda:0):  60%|######    | 38/63 [02:14<01:28,  3.53s/it]
running layers(cuda:0):  62%|######1   | 39/63 [02:17<01:25,  3.55s/it]
running layers(cuda:0):  63%|######3   | 40/63 [02:21<01:21,  3.55s/it]
running layers(cuda:0):  65%|######5   | 41/63 [02:24<01:18,  3.57s/it]
running layers(cuda:0):  67%|######6   | 42/63 [02:28<01:14,  3.57s/it]
running layers(cuda:0):  68%|######8   | 43/63 [02:32<01:11,  3.59s/it]
running layers(cuda:0):  70%|######9   | 44/63 [02:35<01:07,  3.57s/it]
running layers(cuda:0):  71%|#######1  | 45/63 [02:39<01:04,  3.57s/it]
running layers(cuda:0):  73%|#######3  | 46/63 [02:42<01:00,  3.55s/it]
running layers(cuda:0):  75%|#######4  | 47/63 [02:46<00:56,  3.56s/it]
running layers(cuda:0):  76%|#######6  | 48/63 [02:49<00:53,  3.57s/it]
running layers(cuda:0):  78%|#######7  | 49/63 [02:53<00:50,  3.58s/it]
running layers(cuda:0):  79%|#######9  | 50/63 [02:57<00:46,  3.57s/it]
running layers(cuda:0):  81%|########  | 51/63 [03:00<00:43,  3.59s/it]
running layers(cuda:0):  83%|########2 | 52/63 [03:04<00:39,  3.57s/it]
running layers(cuda:0):  84%|########4 | 53/63 [03:07<00:35,  3.56s/it]
running layers(cuda:0):  86%|########5 | 54/63 [03:11<00:32,  3.56s/it]
running layers(cuda:0):  87%|########7 | 55/63 [03:14<00:28,  3.55s/it]
running layers(cuda:0):  89%|########8 | 56/63 [03:18<00:24,  3.56s/it]
running layers(cuda:0):  90%|######### | 57/63 [03:22<00:21,  3.57s/it]
running layers(cuda:0):  92%|#########2| 58/63 [03:25<00:17,  3.57s/it]
running layers(cuda:0):  94%|#########3| 59/63 [03:29<00:14,  3.57s/it]
running layers(cuda:0):  95%|#########5| 60/63 [03:32<00:10,  3.56s/it]
running layers(cuda:0):  97%|#########6| 61/63 [03:36<00:07,  3.57s/it]
running layers(cuda:0):  98%|#########8| 62/63 [03:36<00:02,  2.58s/it]
running layers(cuda:0): 100%|##########| 63/63 [03:39<00:00,  2.59s/it]
running layers(cuda:0): 100%|##########| 63/63 [03:39<00:00,  3.48s/it]
BetterTransformer is deprecated and will be removed in Optimum v2.0.

running layers(cuda:0):   0%|          | 0/63 [00:00<?, ?it/s]
running layers(cuda:0):   2%|1         | 1/63 [00:02<02:50,  2.74s/it]
running layers(cuda:0):   3%|3         | 2/63 [00:06<03:19,  3.27s/it]
running layers(cuda:0):   5%|4         | 3/63 [00:09<03:22,  3.37s/it]
running layers(cuda:0):   6%|6         | 4/63 [00:13<03:23,  3.46s/it]
running layers(cuda:0):   8%|7         | 5/63 [00:17<03:22,  3.49s/it]
running layers(cuda:0):  10%|9         | 6/63 [00:20<03:20,  3.51s/it]
running layers(cuda:0):  11%|#1        | 7/63 [00:24<03:16,  3.52s/it]
running layers(cuda:0):  13%|#2        | 8/63 [00:27<03:14,  3.54s/it]
running layers(cuda:0):  14%|#4        | 9/63 [00:31<03:10,  3.54s/it]
running layers(cuda:0):  16%|#5        | 10/63 [00:34<03:07,  3.54s/it]
running layers(cuda:0):  17%|#7        | 11/63 [00:38<03:04,  3.55s/it]
running layers(cuda:0):  19%|#9        | 12/63 [00:41<03:01,  3.56s/it]
running layers(cuda:0):  21%|##        | 13/63 [00:45<02:57,  3.55s/it]
running layers(cuda:0):  22%|##2       | 14/63 [00:49<02:54,  3.56s/it]
running layers(cuda:0):  24%|##3       | 15/63 [00:52<02:50,  3.55s/it]
running layers(cuda:0):  25%|##5       | 16/63 [00:56<02:47,  3.56s/it]
running layers(cuda:0):  27%|##6       | 17/63 [00:59<02:43,  3.55s/it]
running layers(cuda:0):  29%|##8       | 18/63 [01:03<02:39,  3.55s/it]
running layers(cuda:0):  30%|###       | 19/63 [01:06<02:36,  3.56s/it]
running layers(cuda:0):  32%|###1      | 20/63 [01:10<02:33,  3.58s/it]
running layers(cuda:0):  33%|###3      | 21/63 [01:13<02:29,  3.56s/it]
running layers(cuda:0):  35%|###4      | 22/63 [01:17<02:26,  3.57s/it]
running layers(cuda:0):  37%|###6      | 23/63 [01:21<02:23,  3.58s/it]
running layers(cuda:0):  38%|###8      | 24/63 [01:24<02:19,  3.57s/it]
running layers(cuda:0):  40%|###9      | 25/63 [01:28<02:17,  3.62s/it]
running layers(cuda:0):  41%|####1     | 26/63 [01:31<02:09,  3.51s/it]
running layers(cuda:0):  43%|####2     | 27/63 [01:34<02:03,  3.43s/it]
running layers(cuda:0):  44%|####4     | 28/63 [01:38<01:57,  3.37s/it]
running layers(cuda:0):  46%|####6     | 29/63 [01:41<01:52,  3.31s/it]
running layers(cuda:0):  48%|####7     | 30/63 [01:44<01:48,  3.28s/it]
running layers(cuda:0):  49%|####9     | 31/63 [01:47<01:44,  3.27s/it]
running layers(cuda:0):  51%|#####     | 32/63 [01:50<01:40,  3.25s/it]
running layers(cuda:0):  52%|#####2    | 33/63 [01:54<01:37,  3.25s/it]
running layers(cuda:0):  54%|#####3    | 34/63 [01:57<01:33,  3.23s/it]
running layers(cuda:0):  56%|#####5    | 35/63 [02:00<01:30,  3.23s/it]
running layers(cuda:0):  57%|#####7    | 36/63 [02:03<01:27,  3.23s/it]
running layers(cuda:0):  59%|#####8    | 37/63 [02:07<01:23,  3.23s/it]
running layers(cuda:0):  60%|######    | 38/63 [02:10<01:20,  3.24s/it]
running layers(cuda:0):  62%|######1   | 39/63 [02:13<01:17,  3.24s/it]
running layers(cuda:0):  63%|######3   | 40/63 [02:16<01:14,  3.22s/it]
running layers(cuda:0):  65%|######5   | 41/63 [02:19<01:10,  3.22s/it]
running layers(cuda:0):  67%|######6   | 42/63 [02:23<01:07,  3.22s/it]
running layers(cuda:0):  68%|######8   | 43/63 [02:26<01:04,  3.22s/it]
running layers(cuda:0):  70%|######9   | 44/63 [02:29<01:01,  3.24s/it]
running layers(cuda:0):  71%|#######1  | 45/63 [02:32<00:58,  3.22s/it]
running layers(cuda:0):  73%|#######3  | 46/63 [02:36<00:54,  3.23s/it]
running layers(cuda:0):  75%|#######4  | 47/63 [02:39<00:51,  3.23s/it]
running layers(cuda:0):  76%|#######6  | 48/63 [02:42<00:48,  3.22s/it]
running layers(cuda:0):  78%|#######7  | 49/63 [02:45<00:45,  3.22s/it]
running layers(cuda:0):  79%|#######9  | 50/63 [02:49<00:41,  3.23s/it]
running layers(cuda:0):  81%|########  | 51/63 [02:52<00:38,  3.22s/it]
running layers(cuda:0):  83%|########2 | 52/63 [02:55<00:35,  3.23s/it]
running layers(cuda:0):  84%|########4 | 53/63 [02:58<00:32,  3.22s/it]
running layers(cuda:0):  86%|########5 | 54/63 [03:01<00:28,  3.22s/it]
running layers(cuda:0):  87%|########7 | 55/63 [03:05<00:25,  3.22s/it]
running layers(cuda:0):  89%|########8 | 56/63 [03:08<00:22,  3.22s/it]
running layers(cuda:0):  90%|######### | 57/63 [03:11<00:19,  3.23s/it]
running layers(cuda:0):  92%|#########2| 58/63 [03:14<00:16,  3.25s/it]
running layers(cuda:0):  94%|#########3| 59/63 [03:18<00:12,  3.24s/it]
running layers(cuda:0):  95%|#########5| 60/63 [03:21<00:09,  3.24s/it]
running layers(cuda:0):  97%|#########6| 61/63 [03:24<00:06,  3.23s/it]
running layers(cuda:0):  98%|#########8| 62/63 [03:24<00:02,  2.34s/it]
running layers(cuda:0): 100%|##########| 63/63 [03:27<00:00,  2.39s/it]
running layers(cuda:0): 100%|##########| 63/63 [03:27<00:00,  3.29s/it]
BetterTransformer is deprecated and will be removed in Optimum v2.0.

running layers(cuda:0):   0%|          | 0/63 [00:00<?, ?it/s]
running layers(cuda:0):   2%|1         | 1/63 [00:02<02:40,  2.58s/it]
running layers(cuda:0):   3%|3         | 2/63 [00:05<03:03,  3.00s/it]
running layers(cuda:0):   5%|4         | 3/63 [00:09<03:06,  3.11s/it]
running layers(cuda:0):   6%|6         | 4/63 [00:12<03:05,  3.15s/it]
running layers(cuda:0):   8%|7         | 5/63 [00:15<03:04,  3.18s/it]
running layers(cuda:0):  10%|9         | 6/63 [00:18<03:02,  3.20s/it]
running layers(cuda:0):  11%|#1        | 7/63 [00:22<02:59,  3.21s/it]
running layers(cuda:0):  13%|#2        | 8/63 [00:25<02:57,  3.22s/it]
running layers(cuda:0):  14%|#4        | 9/63 [00:28<02:53,  3.22s/it]
running layers(cuda:0):  16%|#5        | 10/63 [00:31<02:50,  3.21s/it]
running layers(cuda:0):  17%|#7        | 11/63 [00:34<02:47,  3.22s/it]
running layers(cuda:0):  19%|#9        | 12/63 [00:38<02:43,  3.21s/it]
running layers(cuda:0):  21%|##        | 13/63 [00:41<02:40,  3.22s/it]
running layers(cuda:0):  22%|##2       | 14/63 [00:44<02:37,  3.22s/it]
running layers(cuda:0):  24%|##3       | 15/63 [00:47<02:34,  3.21s/it]
running layers(cuda:0):  25%|##5       | 16/63 [00:51<02:31,  3.23s/it]
running layers(cuda:0):  27%|##6       | 17/63 [00:54<02:28,  3.22s/it]
running layers(cuda:0):  29%|##8       | 18/63 [00:57<02:24,  3.22s/it]
running layers(cuda:0):  30%|###       | 19/63 [01:00<02:22,  3.23s/it]
running layers(cuda:0):  32%|###1      | 20/63 [01:03<02:18,  3.23s/it]
running layers(cuda:0):  33%|###3      | 21/63 [01:07<02:15,  3.23s/it]
running layers(cuda:0):  35%|###4      | 22/63 [01:10<02:12,  3.24s/it]
running layers(cuda:0):  37%|###6      | 23/63 [01:13<02:09,  3.23s/it]
running layers(cuda:0):  38%|###8      | 24/63 [01:16<02:06,  3.23s/it]
running layers(cuda:0):  40%|###9      | 25/63 [01:20<02:02,  3.23s/it]
running layers(cuda:0):  41%|####1     | 26/63 [01:23<01:58,  3.21s/it]
running layers(cuda:0):  43%|####2     | 27/63 [01:26<01:55,  3.22s/it]
running layers(cuda:0):  44%|####4     | 28/63 [01:29<01:52,  3.21s/it]
running layers(cuda:0):  46%|####6     | 29/63 [01:32<01:49,  3.22s/it]
running layers(cuda:0):  48%|####7     | 30/63 [01:36<01:46,  3.22s/it]
running layers(cuda:0):  49%|####9     | 31/63 [01:39<01:42,  3.22s/it]
running layers(cuda:0):  51%|#####     | 32/63 [01:42<01:40,  3.23s/it]
running layers(cuda:0):  52%|#####2    | 33/63 [01:45<01:36,  3.23s/it]
running layers(cuda:0):  54%|#####3    | 34/63 [01:49<01:33,  3.22s/it]
running layers(cuda:0):  56%|#####5    | 35/63 [01:52<01:30,  3.23s/it]
running layers(cuda:0):  57%|#####7    | 36/63 [01:55<01:26,  3.22s/it]
running layers(cuda:0):  59%|#####8    | 37/63 [01:58<01:23,  3.22s/it]
running layers(cuda:0):  60%|######    | 38/63 [02:01<01:20,  3.22s/it]
running layers(cuda:0):  62%|######1   | 39/63 [02:05<01:17,  3.21s/it]
running layers(cuda:0):  63%|######3   | 40/63 [02:08<01:14,  3.22s/it]
running layers(cuda:0):  65%|######5   | 41/63 [02:11<01:11,  3.23s/it]
running layers(cuda:0):  67%|######6   | 42/63 [02:14<01:07,  3.22s/it]
running layers(cuda:0):  68%|######8   | 43/63 [02:18<01:04,  3.23s/it]
running layers(cuda:0):  70%|######9   | 44/63 [02:21<01:01,  3.22s/it]
running layers(cuda:0):  71%|#######1  | 45/63 [02:24<00:57,  3.22s/it]
running layers(cuda:0):  73%|#######3  | 46/63 [02:27<00:54,  3.23s/it]
running layers(cuda:0):  75%|#######4  | 47/63 [02:30<00:51,  3.23s/it]
running layers(cuda:0):  76%|#######6  | 48/63 [02:34<00:48,  3.23s/it]
running layers(cuda:0):  78%|#######7  | 49/63 [02:37<00:45,  3.23s/it]
running layers(cuda:0):  79%|#######9  | 50/63 [02:40<00:41,  3.22s/it]
running layers(cuda:0):  81%|########  | 51/63 [02:43<00:38,  3.22s/it]
running layers(cuda:0):  83%|########2 | 52/63 [02:47<00:35,  3.22s/it]
running layers(cuda:0):  84%|########4 | 53/63 [02:50<00:32,  3.22s/it]
running layers(cuda:0):  86%|########5 | 54/63 [02:53<00:29,  3.25s/it]
running layers(cuda:0):  87%|########7 | 55/63 [02:56<00:25,  3.23s/it]
running layers(cuda:0):  89%|########8 | 56/63 [03:00<00:22,  3.24s/it]
running layers(cuda:0):  90%|######### | 57/63 [03:03<00:19,  3.26s/it]
running layers(cuda:0):  92%|#########2| 58/63 [03:06<00:16,  3.24s/it]
running layers(cuda:0):  94%|#########3| 59/63 [03:09<00:12,  3.23s/it]
running layers(cuda:0):  95%|#########5| 60/63 [03:12<00:09,  3.21s/it]
running layers(cuda:0):  97%|#########6| 61/63 [03:16<00:06,  3.21s/it]
running layers(cuda:0):  98%|#########8| 62/63 [03:16<00:02,  2.31s/it]
running layers(cuda:0): 100%|##########| 63/63 [03:18<00:00,  2.36s/it]
running layers(cuda:0): 100%|##########| 63/63 [03:18<00:00,  3.16s/it]
BetterTransformer is deprecated and will be removed in Optimum v2.0.

running layers(cuda:0):   0%|          | 0/63 [00:00<?, ?it/s]
running layers(cuda:0):   2%|1         | 1/63 [00:02<02:40,  2.59s/it]
running layers(cuda:0):   3%|3         | 2/63 [00:05<03:01,  2.98s/it]
running layers(cuda:0):   5%|4         | 3/63 [00:09<03:05,  3.10s/it]
running layers(cuda:0):   6%|6         | 4/63 [00:12<03:04,  3.13s/it]
running layers(cuda:0):   8%|7         | 5/63 [00:15<03:03,  3.17s/it]
running layers(cuda:0):  10%|9         | 6/63 [00:18<03:02,  3.20s/it]
running layers(cuda:0):  11%|#1        | 7/63 [00:21<02:59,  3.21s/it]
running layers(cuda:0):  13%|#2        | 8/63 [00:25<02:57,  3.23s/it]
running layers(cuda:0):  14%|#4        | 9/63 [00:28<02:54,  3.23s/it]
running layers(cuda:0):  16%|#5        | 10/63 [00:31<02:50,  3.21s/it]
running layers(cuda:0):  17%|#7        | 11/63 [00:34<02:47,  3.23s/it]
running layers(cuda:0):  19%|#9        | 12/63 [00:38<02:44,  3.22s/it]
running layers(cuda:0):  21%|##        | 13/63 [00:41<02:41,  3.23s/it]
running layers(cuda:0):  22%|##2       | 14/63 [00:44<02:38,  3.23s/it]
running layers(cuda:0):  24%|##3       | 15/63 [00:47<02:34,  3.22s/it]
running layers(cuda:0):  25%|##5       | 16/63 [00:51<02:31,  3.22s/it]
running layers(cuda:0):  27%|##6       | 17/63 [00:54<02:28,  3.22s/it]
running layers(cuda:0):  29%|##8       | 18/63 [00:57<02:25,  3.23s/it]
running layers(cuda:0):  30%|###       | 19/63 [01:00<02:21,  3.23s/it]
running layers(cuda:0):  32%|###1      | 20/63 [01:03<02:18,  3.22s/it]
running layers(cuda:0):  33%|###3      | 21/63 [01:07<02:15,  3.23s/it]
running layers(cuda:0):  35%|###4      | 22/63 [01:10<02:12,  3.24s/it]
running layers(cuda:0):  37%|###6      | 23/63 [01:13<02:09,  3.23s/it]
running layers(cuda:0):  38%|###8      | 24/63 [01:16<02:05,  3.22s/it]
running layers(cuda:0):  40%|###9      | 25/63 [01:20<02:02,  3.21s/it]
running layers(cuda:0):  41%|####1     | 26/63 [01:23<01:59,  3.22s/it]
running layers(cuda:0):  43%|####2     | 27/63 [01:26<01:56,  3.23s/it]
running layers(cuda:0):  44%|####4     | 28/63 [01:29<01:52,  3.23s/it]
running layers(cuda:0):  46%|####6     | 29/63 [01:33<01:49,  3.23s/it]
running layers(cuda:0):  48%|####7     | 30/63 [01:36<01:46,  3.22s/it]
running layers(cuda:0):  49%|####9     | 31/63 [01:39<01:42,  3.21s/it]
running layers(cuda:0):  51%|#####     | 32/63 [01:42<01:39,  3.22s/it]
running layers(cuda:0):  52%|#####2    | 33/63 [01:45<01:36,  3.22s/it]
running layers(cuda:0):  54%|#####3    | 34/63 [01:49<01:33,  3.23s/it]
running layers(cuda:0):  56%|#####5    | 35/63 [01:52<01:30,  3.23s/it]
running layers(cuda:0):  57%|#####7    | 36/63 [01:55<01:26,  3.21s/it]
running layers(cuda:0):  59%|#####8    | 37/63 [01:58<01:23,  3.22s/it]
running layers(cuda:0):  60%|######    | 38/63 [02:01<01:20,  3.21s/it]
running layers(cuda:0):  62%|######1   | 39/63 [02:05<01:16,  3.20s/it]
running layers(cuda:0):  63%|######3   | 40/63 [02:08<01:13,  3.21s/it]
running layers(cuda:0):  65%|######5   | 41/63 [02:11<01:10,  3.20s/it]
running layers(cuda:0):  67%|######6   | 42/63 [02:14<01:07,  3.21s/it]
running layers(cuda:0):  68%|######8   | 43/63 [02:17<01:04,  3.22s/it]
running layers(cuda:0):  70%|######9   | 44/63 [02:21<01:01,  3.21s/it]
running layers(cuda:0):  71%|#######1  | 45/63 [02:24<00:58,  3.24s/it]
running layers(cuda:0):  73%|#######3  | 46/63 [02:27<00:55,  3.25s/it]
running layers(cuda:0):  75%|#######4  | 47/63 [02:31<00:52,  3.26s/it]
running layers(cuda:0):  76%|#######6  | 48/63 [02:34<00:48,  3.26s/it]
running layers(cuda:0):  78%|#######7  | 49/63 [02:37<00:45,  3.24s/it]
running layers(cuda:0):  79%|#######9  | 50/63 [02:40<00:42,  3.24s/it]
running layers(cuda:0):  81%|########  | 51/63 [02:43<00:38,  3.24s/it]
running layers(cuda:0):  83%|########2 | 52/63 [02:47<00:35,  3.23s/it]
running layers(cuda:0):  84%|########4 | 53/63 [02:50<00:32,  3.25s/it]
running layers(cuda:0):  86%|########5 | 54/63 [02:53<00:29,  3.24s/it]
running layers(cuda:0):  87%|########7 | 55/63 [02:56<00:25,  3.24s/it]
running layers(cuda:0):  89%|########8 | 56/63 [03:00<00:22,  3.24s/it]
running layers(cuda:0):  90%|######### | 57/63 [03:03<00:19,  3.23s/it]
running layers(cuda:0):  92%|#########2| 58/63 [03:06<00:16,  3.24s/it]
running layers(cuda:0):  94%|#########3| 59/63 [03:09<00:12,  3.23s/it]
running layers(cuda:0):  95%|#########5| 60/63 [03:13<00:09,  3.23s/it]
running layers(cuda:0):  97%|#########6| 61/63 [03:16<00:06,  3.23s/it]
running layers(cuda:0):  98%|#########8| 62/63 [03:16<00:02,  2.34s/it]
running layers(cuda:0): 100%|##########| 63/63 [03:19<00:00,  2.39s/it]
running layers(cuda:0): 100%|##########| 63/63 [03:19<00:00,  3.16s/it]
BetterTransformer is deprecated and will be removed in Optimum v2.0.

running layers(cuda:0):   0%|          | 0/63 [00:00<?, ?it/s]
running layers(cuda:0):   2%|1         | 1/63 [00:02<02:39,  2.58s/it]
running layers(cuda:0):   3%|3         | 2/63 [00:05<03:03,  3.00s/it]
running layers(cuda:0):   5%|4         | 3/63 [00:09<03:06,  3.11s/it]
running layers(cuda:0):   6%|6         | 4/63 [00:12<03:05,  3.15s/it]
running layers(cuda:0):   8%|7         | 5/63 [00:15<03:05,  3.19s/it]
running layers(cuda:0):  10%|9         | 6/63 [00:18<03:02,  3.21s/it]
running layers(cuda:0):  11%|#1        | 7/63 [00:22<02:59,  3.21s/it]
running layers(cuda:0):  13%|#2        | 8/63 [00:25<02:57,  3.22s/it]
running layers(cuda:0):  14%|#4        | 9/63 [00:28<02:53,  3.21s/it]
running layers(cuda:0):  16%|#5        | 10/63 [00:31<02:51,  3.23s/it]
running layers(cuda:0):  17%|#7        | 11/63 [00:35<02:49,  3.26s/it]
running layers(cuda:0):  19%|#9        | 12/63 [00:38<02:47,  3.28s/it]
running layers(cuda:0):  21%|##        | 13/63 [00:41<02:44,  3.29s/it]
running layers(cuda:0):  22%|##2       | 14/63 [00:44<02:40,  3.27s/it]
running layers(cuda:0):  24%|##3       | 15/63 [00:48<02:36,  3.27s/it]
running layers(cuda:0):  25%|##5       | 16/63 [00:51<02:32,  3.25s/it]
running layers(cuda:0):  27%|##6       | 17/63 [00:54<02:29,  3.24s/it]
running layers(cuda:0):  29%|##8       | 18/63 [00:58<02:27,  3.29s/it]
running layers(cuda:0):  30%|###       | 19/63 [01:01<02:23,  3.26s/it]
running layers(cuda:0):  32%|###1      | 20/63 [01:04<02:21,  3.28s/it]
running layers(cuda:0):  33%|###3      | 21/63 [01:07<02:19,  3.31s/it]
running layers(cuda:0):  35%|###4      | 22/63 [01:11<02:14,  3.29s/it]
running layers(cuda:0):  37%|###6      | 23/63 [01:14<02:11,  3.28s/it]
running layers(cuda:0):  38%|###8      | 24/63 [01:17<02:07,  3.27s/it]
running layers(cuda:0):  40%|###9      | 25/63 [01:20<02:03,  3.26s/it]
running layers(cuda:0):  41%|####1     | 26/63 [01:24<02:00,  3.25s/it]
running layers(cuda:0):  43%|####2     | 27/63 [01:27<01:57,  3.26s/it]
running layers(cuda:0):  44%|####4     | 28/63 [01:30<01:55,  3.29s/it]
running layers(cuda:0):  46%|####6     | 29/63 [01:33<01:50,  3.26s/it]
running layers(cuda:0):  48%|####7     | 30/63 [01:37<01:47,  3.26s/it]
running layers(cuda:0):  49%|####9     | 31/63 [01:40<01:43,  3.24s/it]
running layers(cuda:0):  51%|#####     | 32/63 [01:43<01:40,  3.24s/it]
running layers(cuda:0):  52%|#####2    | 33/63 [01:46<01:37,  3.25s/it]
running layers(cuda:0):  54%|#####3    | 34/63 [01:50<01:34,  3.25s/it]
running layers(cuda:0):  56%|#####5    | 35/63 [01:53<01:31,  3.26s/it]
running layers(cuda:0):  57%|#####7    | 36/63 [01:56<01:27,  3.25s/it]
running layers(cuda:0):  59%|#####8    | 37/63 [01:59<01:24,  3.24s/it]
running layers(cuda:0):  60%|######    | 38/63 [02:03<01:21,  3.24s/it]
running layers(cuda:0):  62%|######1   | 39/63 [02:06<01:17,  3.23s/it]
running layers(cuda:0):  63%|######3   | 40/63 [02:09<01:15,  3.27s/it]
running layers(cuda:0):  65%|######5   | 41/63 [02:12<01:11,  3.27s/it]
running layers(cuda:0):  67%|######6   | 42/63 [02:16<01:08,  3.26s/it]
running layers(cuda:0):  68%|######8   | 43/63 [02:19<01:05,  3.26s/it]
running layers(cuda:0):  70%|######9   | 44/63 [02:22<01:01,  3.26s/it]
running layers(cuda:0):  71%|#######1  | 45/63 [02:25<00:58,  3.24s/it]
running layers(cuda:0):  73%|#######3  | 46/63 [02:29<00:55,  3.25s/it]
running layers(cuda:0):  75%|#######4  | 47/63 [02:32<00:51,  3.24s/it]
running layers(cuda:0):  76%|#######6  | 48/63 [02:35<00:48,  3.24s/it]
running layers(cuda:0):  78%|#######7  | 49/63 [02:38<00:45,  3.25s/it]
running layers(cuda:0):  79%|#######9  | 50/63 [02:42<00:42,  3.23s/it]
running layers(cuda:0):  81%|########  | 51/63 [02:45<00:38,  3.23s/it]
running layers(cuda:0):  83%|########2 | 52/63 [02:48<00:35,  3.24s/it]
running layers(cuda:0):  84%|########4 | 53/63 [02:51<00:32,  3.28s/it]
running layers(cuda:0):  86%|########5 | 54/63 [02:55<00:29,  3.27s/it]
running layers(cuda:0):  87%|########7 | 55/63 [02:58<00:26,  3.25s/it]
running layers(cuda:0):  89%|########8 | 56/63 [03:01<00:22,  3.25s/it]
running layers(cuda:0):  90%|######### | 57/63 [03:05<00:19,  3.28s/it]
running layers(cuda:0):  92%|#########2| 58/63 [03:08<00:16,  3.23s/it]
running layers(cuda:0):  94%|#########3| 59/63 [03:11<00:12,  3.24s/it]
running layers(cuda:0):  95%|#########5| 60/63 [03:14<00:09,  3.24s/it]
running layers(cuda:0):  97%|#########6| 61/63 [03:17<00:06,  3.24s/it]
running layers(cuda:0):  98%|#########8| 62/63 [03:18<00:02,  2.34s/it]
running layers(cuda:0): 100%|##########| 63/63 [03:20<00:00,  2.39s/it]
running layers(cuda:0): 100%|##########| 63/63 [03:20<00:00,  3.18s/it]
BetterTransformer is deprecated and will be removed in Optimum v2.0.

running layers(cuda:0):   0%|          | 0/63 [00:00<?, ?it/s]
running layers(cuda:0):   2%|1         | 1/63 [00:02<02:40,  2.59s/it]
running layers(cuda:0):   3%|3         | 2/63 [00:05<03:05,  3.03s/it]
running layers(cuda:0):   5%|4         | 3/63 [00:09<03:07,  3.13s/it]
running layers(cuda:0):   6%|6         | 4/63 [00:12<03:06,  3.16s/it]
running layers(cuda:0):   8%|7         | 5/63 [00:15<03:05,  3.20s/it]
running layers(cuda:0):  10%|9         | 6/63 [00:18<03:04,  3.23s/it]
running layers(cuda:0):  11%|#1        | 7/63 [00:22<03:00,  3.23s/it]
running layers(cuda:0):  13%|#2        | 8/63 [00:25<02:57,  3.24s/it]
running layers(cuda:0):  14%|#4        | 9/63 [00:28<02:54,  3.23s/it]
running layers(cuda:0):  16%|#5        | 10/63 [00:31<02:51,  3.24s/it]
running layers(cuda:0):  17%|#7        | 11/63 [00:35<02:48,  3.25s/it]
running layers(cuda:0):  19%|#9        | 12/63 [00:38<02:45,  3.24s/it]
running layers(cuda:0):  21%|##        | 13/63 [00:41<02:41,  3.24s/it]
running layers(cuda:0):  22%|##2       | 14/63 [00:44<02:38,  3.22s/it]
running layers(cuda:0):  24%|##3       | 15/63 [00:48<02:34,  3.22s/it]
running layers(cuda:0):  25%|##5       | 16/63 [00:51<02:31,  3.22s/it]
running layers(cuda:0):  27%|##6       | 17/63 [00:54<02:28,  3.22s/it]
running layers(cuda:0):  29%|##8       | 18/63 [00:57<02:25,  3.23s/it]
running layers(cuda:0):  30%|###       | 19/63 [01:00<02:22,  3.24s/it]
running layers(cuda:0):  32%|###1      | 20/63 [01:04<02:18,  3.22s/it]
running layers(cuda:0):  33%|###3      | 21/63 [01:07<02:15,  3.23s/it]
running layers(cuda:0):  35%|###4      | 22/63 [01:10<02:12,  3.23s/it]
running layers(cuda:0):  37%|###6      | 23/63 [01:13<02:09,  3.23s/it]
running layers(cuda:0):  38%|###8      | 24/63 [01:17<02:05,  3.23s/it]
running layers(cuda:0):  40%|###9      | 25/63 [01:20<02:03,  3.26s/it]
running layers(cuda:0):  41%|####1     | 26/63 [01:23<02:01,  3.29s/it]
running layers(cuda:0):  43%|####2     | 27/63 [01:27<01:58,  3.30s/it]
running layers(cuda:0):  44%|####4     | 28/63 [01:30<01:54,  3.28s/it]
running layers(cuda:0):  46%|####6     | 29/63 [01:33<01:51,  3.27s/it]
running layers(cuda:0):  48%|####7     | 30/63 [01:36<01:47,  3.25s/it]
running layers(cuda:0):  49%|####9     | 31/63 [01:40<01:43,  3.24s/it]
running layers(cuda:0):  51%|#####     | 32/63 [01:43<01:40,  3.24s/it]
running layers(cuda:0):  52%|#####2    | 33/63 [01:46<01:36,  3.23s/it]
running layers(cuda:0):  54%|#####3    | 34/63 [01:49<01:33,  3.23s/it]
running layers(cuda:0):  56%|#####5    | 35/63 [01:52<01:30,  3.22s/it]
running layers(cuda:0):  57%|#####7    | 36/63 [01:56<01:26,  3.22s/it]
running layers(cuda:0):  59%|#####8    | 37/63 [01:59<01:23,  3.23s/it]
running layers(cuda:0):  60%|######    | 38/63 [02:02<01:20,  3.22s/it]
running layers(cuda:0):  62%|######1   | 39/63 [02:05<01:17,  3.23s/it]
running layers(cuda:0):  63%|######3   | 40/63 [02:08<01:14,  3.23s/it]
running layers(cuda:0):  65%|######5   | 41/63 [02:12<01:10,  3.21s/it]
running layers(cuda:0):  67%|######6   | 42/63 [02:15<01:07,  3.21s/it]
running layers(cuda:0):  68%|######8   | 43/63 [02:18<01:04,  3.21s/it]
running layers(cuda:0):  70%|######9   | 44/63 [02:21<01:01,  3.22s/it]
running layers(cuda:0):  71%|#######1  | 45/63 [02:25<00:57,  3.21s/it]
running layers(cuda:0):  73%|#######3  | 46/63 [02:28<00:54,  3.20s/it]
running layers(cuda:0):  75%|#######4  | 47/63 [02:31<00:51,  3.21s/it]
running layers(cuda:0):  76%|#######6  | 48/63 [02:34<00:47,  3.20s/it]
running layers(cuda:0):  78%|#######7  | 49/63 [02:37<00:44,  3.21s/it]
running layers(cuda:0):  79%|#######9  | 50/63 [02:41<00:41,  3.22s/it]
running layers(cuda:0):  81%|########  | 51/63 [02:44<00:38,  3.22s/it]
running layers(cuda:0):  83%|########2 | 52/63 [02:47<00:35,  3.23s/it]
running layers(cuda:0):  84%|########4 | 53/63 [02:50<00:32,  3.24s/it]
running layers(cuda:0):  86%|########5 | 54/63 [02:54<00:29,  3.23s/it]
running layers(cuda:0):  87%|########7 | 55/63 [02:57<00:25,  3.23s/it]
running layers(cuda:0):  89%|########8 | 56/63 [03:00<00:22,  3.28s/it]
running layers(cuda:0):  90%|######### | 57/63 [03:03<00:19,  3.27s/it]
running layers(cuda:0):  92%|#########2| 58/63 [03:07<00:16,  3.26s/it]
running layers(cuda:0):  94%|#########3| 59/63 [03:10<00:13,  3.25s/it]
running layers(cuda:0):  95%|#########5| 60/63 [03:13<00:09,  3.25s/it]
running layers(cuda:0):  97%|#########6| 61/63 [03:16<00:06,  3.23s/it]
running layers(cuda:0):  98%|#########8| 62/63 [03:17<00:02,  2.33s/it]
running layers(cuda:0): 100%|##########| 63/63 [03:19<00:00,  2.38s/it]
running layers(cuda:0): 100%|##########| 63/63 [03:19<00:00,  3.17s/it]
BetterTransformer is deprecated and will be removed in Optimum v2.0.

running layers(cuda:0):   0%|          | 0/63 [00:00<?, ?it/s]
running layers(cuda:0):   2%|1         | 1/63 [00:02<02:40,  2.58s/it]
running layers(cuda:0):   3%|3         | 2/63 [00:05<03:03,  3.01s/it]
running layers(cuda:0):   5%|4         | 3/63 [00:09<03:07,  3.12s/it]
running layers(cuda:0):   6%|6         | 4/63 [00:12<03:06,  3.17s/it]
running layers(cuda:0):   8%|7         | 5/63 [00:15<03:05,  3.20s/it]
running layers(cuda:0):  10%|9         | 6/63 [00:18<03:02,  3.20s/it]
running layers(cuda:0):  11%|#1        | 7/63 [00:22<03:00,  3.22s/it]
running layers(cuda:0):  13%|#2        | 8/63 [00:25<02:56,  3.21s/it]
running layers(cuda:0):  14%|#4        | 9/63 [00:28<02:54,  3.22s/it]
running layers(cuda:0):  16%|#5        | 10/63 [00:31<02:51,  3.23s/it]
running layers(cuda:0):  17%|#7        | 11/63 [00:35<02:47,  3.23s/it]
running layers(cuda:0):  19%|#9        | 12/63 [00:38<02:44,  3.23s/it]
running layers(cuda:0):  21%|##        | 13/63 [00:41<02:41,  3.23s/it]
running layers(cuda:0):  22%|##2       | 14/63 [00:44<02:37,  3.22s/it]
running layers(cuda:0):  24%|##3       | 15/63 [00:47<02:34,  3.22s/it]
running layers(cuda:0):  25%|##5       | 16/63 [00:51<02:31,  3.22s/it]
running layers(cuda:0):  27%|##6       | 17/63 [00:54<02:28,  3.22s/it]
running layers(cuda:0):  29%|##8       | 18/63 [00:57<02:25,  3.24s/it]
running layers(cuda:0):  30%|###       | 19/63 [01:00<02:21,  3.22s/it]
running layers(cuda:0):  32%|###1      | 20/63 [01:03<02:18,  3.21s/it]
running layers(cuda:0):  33%|###3      | 21/63 [01:07<02:14,  3.21s/it]
running layers(cuda:0):  35%|###4      | 22/63 [01:10<02:11,  3.20s/it]
running layers(cuda:0):  37%|###6      | 23/63 [01:13<02:08,  3.22s/it]
running layers(cuda:0):  38%|###8      | 24/63 [01:16<02:05,  3.21s/it]
running layers(cuda:0):  40%|###9      | 25/63 [01:20<02:02,  3.22s/it]
running layers(cuda:0):  41%|####1     | 26/63 [01:23<01:58,  3.21s/it]
running layers(cuda:0):  43%|####2     | 27/63 [01:26<01:55,  3.22s/it]
running layers(cuda:0):  44%|####4     | 28/63 [01:29<01:52,  3.22s/it]
running layers(cuda:0):  46%|####6     | 29/63 [01:32<01:49,  3.21s/it]
running layers(cuda:0):  48%|####7     | 30/63 [01:36<01:46,  3.22s/it]
running layers(cuda:0):  49%|####9     | 31/63 [01:39<01:42,  3.22s/it]
running layers(cuda:0):  51%|#####     | 32/63 [01:42<01:39,  3.21s/it]
running layers(cuda:0):  52%|#####2    | 33/63 [01:45<01:36,  3.22s/it]
running layers(cuda:0):  54%|#####3    | 34/63 [01:48<01:33,  3.21s/it]
running layers(cuda:0):  56%|#####5    | 35/63 [01:52<01:30,  3.22s/it]
running layers(cuda:0):  57%|#####7    | 36/63 [01:55<01:26,  3.22s/it]
running layers(cuda:0):  59%|#####8    | 37/63 [01:58<01:23,  3.22s/it]
running layers(cuda:0):  60%|######    | 38/63 [02:01<01:20,  3.23s/it]
running layers(cuda:0):  62%|######1   | 39/63 [02:05<01:17,  3.23s/it]
running layers(cuda:0):  63%|######3   | 40/63 [02:08<01:14,  3.23s/it]
running layers(cuda:0):  65%|######5   | 41/63 [02:11<01:10,  3.22s/it]
running layers(cuda:0):  67%|######6   | 42/63 [02:14<01:07,  3.22s/it]
running layers(cuda:0):  68%|######8   | 43/63 [02:18<01:04,  3.23s/it]
running layers(cuda:0):  70%|######9   | 44/63 [02:21<01:01,  3.22s/it]
running layers(cuda:0):  71%|#######1  | 45/63 [02:24<00:57,  3.21s/it]
running layers(cuda:0):  73%|#######3  | 46/63 [02:27<00:54,  3.21s/it]
running layers(cuda:0):  75%|#######4  | 47/63 [02:30<00:51,  3.21s/it]
running layers(cuda:0):  76%|#######6  | 48/63 [02:34<00:48,  3.22s/it]
running layers(cuda:0):  78%|#######7  | 49/63 [02:37<00:44,  3.21s/it]
running layers(cuda:0):  79%|#######9  | 50/63 [02:40<00:41,  3.22s/it]
running layers(cuda:0):  81%|########  | 51/63 [02:43<00:38,  3.23s/it]
running layers(cuda:0):  83%|########2 | 52/63 [02:46<00:35,  3.22s/it]
running layers(cuda:0):  84%|########4 | 53/63 [02:50<00:32,  3.23s/it]
running layers(cuda:0):  86%|########5 | 54/63 [02:53<00:28,  3.22s/it]
running layers(cuda:0):  87%|########7 | 55/63 [02:56<00:25,  3.21s/it]
running layers(cuda:0):  89%|########8 | 56/63 [02:59<00:22,  3.22s/it]
running layers(cuda:0):  90%|######### | 57/63 [03:03<00:19,  3.21s/it]
running layers(cuda:0):  92%|#########2| 58/63 [03:06<00:16,  3.22s/it]
running layers(cuda:0):  94%|#########3| 59/63 [03:09<00:12,  3.22s/it]
running layers(cuda:0):  95%|#########5| 60/63 [03:12<00:09,  3.21s/it]
running layers(cuda:0):  97%|#########6| 61/63 [03:15<00:06,  3.21s/it]
running layers(cuda:0):  98%|#########8| 62/63 [03:16<00:02,  2.31s/it]
running layers(cuda:0): 100%|##########| 63/63 [03:18<00:00,  2.37s/it]
running layers(cuda:0): 100%|##########| 63/63 [03:18<00:00,  3.15s/it]
BetterTransformer is deprecated and will be removed in Optimum v2.0.

running layers(cuda:0):   0%|          | 0/63 [00:00<?, ?it/s]
running layers(cuda:0):   2%|1         | 1/63 [00:02<02:40,  2.58s/it]
running layers(cuda:0):   3%|3         | 2/63 [00:05<03:02,  2.99s/it]
running layers(cuda:0):   5%|4         | 3/63 [00:09<03:05,  3.09s/it]
running layers(cuda:0):   6%|6         | 4/63 [00:12<03:04,  3.13s/it]
running layers(cuda:0):   8%|7         | 5/63 [00:15<03:03,  3.16s/it]
running layers(cuda:0):  10%|9         | 6/63 [00:18<03:00,  3.17s/it]
running layers(cuda:0):  11%|#1        | 7/63 [00:21<02:57,  3.17s/it]
running layers(cuda:0):  13%|#2        | 8/63 [00:25<02:55,  3.19s/it]
running layers(cuda:0):  14%|#4        | 9/63 [00:28<02:52,  3.20s/it]
running layers(cuda:0):  16%|#5        | 10/63 [00:31<02:49,  3.20s/it]
running layers(cuda:0):  17%|#7        | 11/63 [00:34<02:47,  3.22s/it]
running layers(cuda:0):  19%|#9        | 12/63 [00:37<02:44,  3.23s/it]
running layers(cuda:0):  21%|##        | 13/63 [00:41<02:41,  3.23s/it]
running layers(cuda:0):  22%|##2       | 14/63 [00:44<02:38,  3.23s/it]
running layers(cuda:0):  24%|##3       | 15/63 [00:47<02:34,  3.22s/it]
running layers(cuda:0):  25%|##5       | 16/63 [00:50<02:31,  3.22s/it]
running layers(cuda:0):  27%|##6       | 17/63 [00:54<02:27,  3.21s/it]
running layers(cuda:0):  29%|##8       | 18/63 [00:57<02:24,  3.21s/it]
running layers(cuda:0):  30%|###       | 19/63 [01:00<02:21,  3.21s/it]
running layers(cuda:0):  32%|###1      | 20/63 [01:03<02:17,  3.21s/it]
running layers(cuda:0):  33%|###3      | 21/63 [01:06<02:15,  3.22s/it]
running layers(cuda:0):  35%|###4      | 22/63 [01:10<02:11,  3.21s/it]
running layers(cuda:0):  37%|###6      | 23/63 [01:13<02:09,  3.23s/it]
running layers(cuda:0):  38%|###8      | 24/63 [01:16<02:05,  3.22s/it]
running layers(cuda:0):  40%|###9      | 25/63 [01:19<02:01,  3.21s/it]
running layers(cuda:0):  41%|####1     | 26/63 [01:22<01:58,  3.21s/it]
running layers(cuda:0):  43%|####2     | 27/63 [01:26<01:55,  3.21s/it]
running layers(cuda:0):  44%|####4     | 28/63 [01:29<01:52,  3.21s/it]
running layers(cuda:0):  46%|####6     | 29/63 [01:32<01:49,  3.22s/it]
running layers(cuda:0):  48%|####7     | 30/63 [01:35<01:46,  3.21s/it]
running layers(cuda:0):  49%|####9     | 31/63 [01:39<01:42,  3.22s/it]
running layers(cuda:0):  51%|#####     | 32/63 [01:42<01:39,  3.22s/it]
running layers(cuda:0):  52%|#####2    | 33/63 [01:45<01:36,  3.23s/it]
running layers(cuda:0):  54%|#####3    | 34/63 [01:48<01:33,  3.24s/it]
running layers(cuda:0):  56%|#####5    | 35/63 [01:52<01:30,  3.24s/it]
running layers(cuda:0):  57%|#####7    | 36/63 [01:55<01:27,  3.24s/it]
running layers(cuda:0):  59%|#####8    | 37/63 [01:58<01:25,  3.27s/it]
running layers(cuda:0):  60%|######    | 38/63 [02:01<01:21,  3.26s/it]
running layers(cuda:0):  62%|######1   | 39/63 [02:05<01:18,  3.26s/it]
running layers(cuda:0):  63%|######3   | 40/63 [02:08<01:14,  3.25s/it]
running layers(cuda:0):  65%|######5   | 41/63 [02:11<01:11,  3.24s/it]
running layers(cuda:0):  67%|######6   | 42/63 [02:14<01:07,  3.23s/it]
running layers(cuda:0):  68%|######8   | 43/63 [02:17<01:04,  3.22s/it]
running layers(cuda:0):  70%|######9   | 44/63 [02:21<01:01,  3.22s/it]
running layers(cuda:0):  71%|#######1  | 45/63 [02:24<00:58,  3.22s/it]
running layers(cuda:0):  73%|#######3  | 46/63 [02:27<00:54,  3.22s/it]
running layers(cuda:0):  75%|#######4  | 47/63 [02:30<00:51,  3.21s/it]
running layers(cuda:0):  76%|#######6  | 48/63 [02:34<00:48,  3.21s/it]
running layers(cuda:0):  78%|#######7  | 49/63 [02:37<00:44,  3.21s/it]
running layers(cuda:0):  79%|#######9  | 50/63 [02:40<00:41,  3.20s/it]
running layers(cuda:0):  81%|########  | 51/63 [02:43<00:38,  3.21s/it]
running layers(cuda:0):  83%|########2 | 52/63 [02:46<00:35,  3.21s/it]
running layers(cuda:0):  84%|########4 | 53/63 [02:50<00:32,  3.22s/it]
running layers(cuda:0):  86%|########5 | 54/63 [02:53<00:28,  3.22s/it]
running layers(cuda:0):  87%|########7 | 55/63 [02:56<00:25,  3.22s/it]
running layers(cuda:0):  89%|########8 | 56/63 [02:59<00:22,  3.23s/it]
running layers(cuda:0):  90%|######### | 57/63 [03:03<00:19,  3.22s/it]
running layers(cuda:0):  92%|#########2| 58/63 [03:06<00:16,  3.22s/it]
running layers(cuda:0):  94%|#########3| 59/63 [03:09<00:12,  3.22s/it]
running layers(cuda:0):  95%|#########5| 60/63 [03:12<00:09,  3.22s/it]
running layers(cuda:0):  97%|#########6| 61/63 [03:16<00:06,  3.27s/it]
running layers(cuda:0):  98%|#########8| 62/63 [03:16<00:02,  2.38s/it]
running layers(cuda:0): 100%|##########| 63/63 [03:18<00:00,  2.42s/it]
running layers(cuda:0): 100%|##########| 63/63 [03:18<00:00,  3.16s/it]
BetterTransformer is deprecated and will be removed in Optimum v2.0.

running layers(cuda:0):   0%|          | 0/63 [00:00<?, ?it/s]
running layers(cuda:0):   2%|1         | 1/63 [00:02<02:40,  2.59s/it]
running layers(cuda:0):   3%|3         | 2/63 [00:05<03:03,  3.01s/it]
running layers(cuda:0):   5%|4         | 3/63 [00:09<03:07,  3.12s/it]
running layers(cuda:0):   6%|6         | 4/63 [00:12<03:07,  3.18s/it]
running layers(cuda:0):   8%|7         | 5/63 [00:15<03:05,  3.19s/it]
running layers(cuda:0):  10%|9         | 6/63 [00:18<03:02,  3.21s/it]
running layers(cuda:0):  11%|#1        | 7/63 [00:22<03:00,  3.23s/it]
running layers(cuda:0):  13%|#2        | 8/63 [00:25<02:57,  3.23s/it]
running layers(cuda:0):  14%|#4        | 9/63 [00:28<02:55,  3.25s/it]
running layers(cuda:0):  16%|#5        | 10/63 [00:31<02:51,  3.24s/it]
running layers(cuda:0):  17%|#7        | 11/63 [00:35<02:48,  3.23s/it]
running layers(cuda:0):  19%|#9        | 12/63 [00:38<02:45,  3.24s/it]
running layers(cuda:0):  21%|##        | 13/63 [00:41<02:41,  3.23s/it]
running layers(cuda:0):  22%|##2       | 14/63 [00:44<02:38,  3.23s/it]
running layers(cuda:0):  24%|##3       | 15/63 [00:48<02:35,  3.24s/it]
running layers(cuda:0):  25%|##5       | 16/63 [00:51<02:33,  3.26s/it]
running layers(cuda:0):  27%|##6       | 17/63 [00:54<02:30,  3.26s/it]
running layers(cuda:0):  29%|##8       | 18/63 [00:57<02:26,  3.26s/it]
running layers(cuda:0):  30%|###       | 19/63 [01:01<02:22,  3.24s/it]
running layers(cuda:0):  32%|###1      | 20/63 [01:04<02:19,  3.25s/it]
running layers(cuda:0):  33%|###3      | 21/63 [01:07<02:15,  3.24s/it]
running layers(cuda:0):  35%|###4      | 22/63 [01:10<02:12,  3.24s/it]
running layers(cuda:0):  37%|###6      | 23/63 [01:14<02:09,  3.24s/it]
running layers(cuda:0):  38%|###8      | 24/63 [01:17<02:06,  3.24s/it]
running layers(cuda:0):  40%|###9      | 25/63 [01:20<02:03,  3.24s/it]
running layers(cuda:0):  41%|####1     | 26/63 [01:23<02:01,  3.27s/it]
running layers(cuda:0):  43%|####2     | 27/63 [01:27<01:57,  3.28s/it]
running layers(cuda:0):  44%|####4     | 28/63 [01:30<01:53,  3.26s/it]
running layers(cuda:0):  46%|####6     | 29/63 [01:33<01:49,  3.23s/it]
running layers(cuda:0):  48%|####7     | 30/63 [01:36<01:46,  3.23s/it]
running layers(cuda:0):  49%|####9     | 31/63 [01:40<01:43,  3.23s/it]
running layers(cuda:0):  51%|#####     | 32/63 [01:43<01:39,  3.22s/it]
running layers(cuda:0):  52%|#####2    | 33/63 [01:46<01:36,  3.23s/it]
running layers(cuda:0):  54%|#####3    | 34/63 [01:49<01:33,  3.23s/it]
running layers(cuda:0):  56%|#####5    | 35/63 [01:52<01:30,  3.23s/it]
running layers(cuda:0):  57%|#####7    | 36/63 [01:56<01:27,  3.23s/it]
running layers(cuda:0):  59%|#####8    | 37/63 [01:59<01:23,  3.21s/it]
running layers(cuda:0):  60%|######    | 38/63 [02:02<01:20,  3.21s/it]
running layers(cuda:0):  62%|######1   | 39/63 [02:05<01:17,  3.22s/it]
running layers(cuda:0):  63%|######3   | 40/63 [02:09<01:14,  3.22s/it]
running layers(cuda:0):  65%|######5   | 41/63 [02:12<01:10,  3.22s/it]
running layers(cuda:0):  67%|######6   | 42/63 [02:15<01:07,  3.21s/it]
running layers(cuda:0):  68%|######8   | 43/63 [02:18<01:04,  3.22s/it]
running layers(cuda:0):  70%|######9   | 44/63 [02:21<01:01,  3.22s/it]
running layers(cuda:0):  71%|#######1  | 45/63 [02:25<00:57,  3.21s/it]
running layers(cuda:0):  73%|#######3  | 46/63 [02:28<00:54,  3.23s/it]
running layers(cuda:0):  75%|#######4  | 47/63 [02:31<00:51,  3.22s/it]
running layers(cuda:0):  76%|#######6  | 48/63 [02:34<00:48,  3.23s/it]
running layers(cuda:0):  78%|#######7  | 49/63 [02:38<00:45,  3.24s/it]
running layers(cuda:0):  79%|#######9  | 50/63 [02:41<00:42,  3.24s/it]
running layers(cuda:0):  81%|########  | 51/63 [02:44<00:38,  3.25s/it]
running layers(cuda:0):  83%|########2 | 52/63 [02:47<00:35,  3.23s/it]
running layers(cuda:0):  84%|########4 | 53/63 [02:51<00:32,  3.24s/it]
running layers(cuda:0):  86%|########5 | 54/63 [02:54<00:29,  3.24s/it]
running layers(cuda:0):  87%|########7 | 55/63 [02:57<00:25,  3.23s/it]
running layers(cuda:0):  89%|########8 | 56/63 [03:00<00:22,  3.23s/it]
running layers(cuda:0):  90%|######### | 57/63 [03:03<00:19,  3.22s/it]
running layers(cuda:0):  92%|#########2| 58/63 [03:07<00:16,  3.21s/it]
running layers(cuda:0):  94%|#########3| 59/63 [03:10<00:12,  3.22s/it]
running layers(cuda:0):  95%|#########5| 60/63 [03:13<00:09,  3.22s/it]
running layers(cuda:0):  97%|#########6| 61/63 [03:16<00:06,  3.23s/it]
running layers(cuda:0):  98%|#########8| 62/63 [03:17<00:02,  2.33s/it]
running layers(cuda:0): 100%|##########| 63/63 [03:19<00:00,  2.38s/it]
running layers(cuda:0): 100%|##########| 63/63 [03:19<00:00,  3.17s/it]
BetterTransformer is deprecated and will be removed in Optimum v2.0.

running layers(cuda:0):   0%|          | 0/63 [00:00<?, ?it/s]
running layers(cuda:0):   2%|1         | 1/63 [00:02<02:40,  2.60s/it]
running layers(cuda:0):   3%|3         | 2/63 [00:05<03:03,  3.00s/it]
running layers(cuda:0):   5%|4         | 3/63 [00:09<03:05,  3.09s/it]
running layers(cuda:0):   6%|6         | 4/63 [00:12<03:05,  3.14s/it]
running layers(cuda:0):   8%|7         | 5/63 [00:15<03:02,  3.15s/it]
running layers(cuda:0):  10%|9         | 6/63 [00:18<03:01,  3.18s/it]
running layers(cuda:0):  11%|#1        | 7/63 [00:21<02:59,  3.20s/it]
running layers(cuda:0):  13%|#2        | 8/63 [00:25<02:56,  3.20s/it]
running layers(cuda:0):  14%|#4        | 9/63 [00:28<02:53,  3.21s/it]
running layers(cuda:0):  16%|#5        | 10/63 [00:31<02:50,  3.21s/it]
running layers(cuda:0):  17%|#7        | 11/63 [00:34<02:47,  3.21s/it]
running layers(cuda:0):  19%|#9        | 12/63 [00:38<02:44,  3.22s/it]
running layers(cuda:0):  21%|##        | 13/63 [00:41<02:40,  3.21s/it]
running layers(cuda:0):  22%|##2       | 14/63 [00:44<02:37,  3.22s/it]
running layers(cuda:0):  24%|##3       | 15/63 [00:47<02:34,  3.21s/it]
running layers(cuda:0):  25%|##5       | 16/63 [00:50<02:30,  3.21s/it]
running layers(cuda:0):  27%|##6       | 17/63 [00:54<02:28,  3.22s/it]
running layers(cuda:0):  29%|##8       | 18/63 [00:57<02:24,  3.22s/it]
running layers(cuda:0):  30%|###       | 19/63 [01:00<02:21,  3.22s/it]
running layers(cuda:0):  32%|###1      | 20/63 [01:03<02:18,  3.23s/it]
running layers(cuda:0):  33%|###3      | 21/63 [01:07<02:15,  3.22s/it]
running layers(cuda:0):  35%|###4      | 22/63 [01:10<02:12,  3.24s/it]
running layers(cuda:0):  37%|###6      | 23/63 [01:13<02:09,  3.25s/it]
running layers(cuda:0):  38%|###8      | 24/63 [01:16<02:06,  3.23s/it]
running layers(cuda:0):  40%|###9      | 25/63 [01:20<02:03,  3.24s/it]
running layers(cuda:0):  41%|####1     | 26/63 [01:23<01:59,  3.23s/it]
running layers(cuda:0):  43%|####2     | 27/63 [01:26<01:56,  3.23s/it]
running layers(cuda:0):  44%|####4     | 28/63 [01:29<01:52,  3.22s/it]
running layers(cuda:0):  46%|####6     | 29/63 [01:32<01:49,  3.21s/it]
running layers(cuda:0):  48%|####7     | 30/63 [01:36<01:46,  3.23s/it]
running layers(cuda:0):  49%|####9     | 31/63 [01:39<01:43,  3.22s/it]
running layers(cuda:0):  51%|#####     | 32/63 [01:42<01:39,  3.22s/it]
running layers(cuda:0):  52%|#####2    | 33/63 [01:45<01:36,  3.23s/it]
running layers(cuda:0):  54%|#####3    | 34/63 [01:48<01:33,  3.22s/it]
running layers(cuda:0):  56%|#####5    | 35/63 [01:52<01:30,  3.23s/it]
running layers(cuda:0):  57%|#####7    | 36/63 [01:55<01:26,  3.22s/it]
running layers(cuda:0):  59%|#####8    | 37/63 [01:58<01:23,  3.22s/it]
running layers(cuda:0):  60%|######    | 38/63 [02:01<01:20,  3.23s/it]
running layers(cuda:0):  62%|######1   | 39/63 [02:05<01:17,  3.23s/it]
running layers(cuda:0):  63%|######3   | 40/63 [02:08<01:14,  3.24s/it]
running layers(cuda:0):  65%|######5   | 41/63 [02:11<01:11,  3.24s/it]
running layers(cuda:0):  67%|######6   | 42/63 [02:14<01:08,  3.24s/it]
running layers(cuda:0):  68%|######8   | 43/63 [02:18<01:04,  3.24s/it]
running layers(cuda:0):  70%|######9   | 44/63 [02:21<01:01,  3.24s/it]
running layers(cuda:0):  71%|#######1  | 45/63 [02:24<00:58,  3.23s/it]
running layers(cuda:0):  73%|#######3  | 46/63 [02:27<00:55,  3.24s/it]
running layers(cuda:0):  75%|#######4  | 47/63 [02:31<00:51,  3.24s/it]
running layers(cuda:0):  76%|#######6  | 48/63 [02:34<00:48,  3.24s/it]
running layers(cuda:0):  78%|#######7  | 49/63 [02:37<00:45,  3.24s/it]
running layers(cuda:0):  79%|#######9  | 50/63 [02:40<00:42,  3.25s/it]
running layers(cuda:0):  81%|########  | 51/63 [02:44<00:38,  3.25s/it]
running layers(cuda:0):  83%|########2 | 52/63 [02:47<00:35,  3.26s/it]
running layers(cuda:0):  84%|########4 | 53/63 [02:50<00:32,  3.25s/it]
running layers(cuda:0):  86%|########5 | 54/63 [02:53<00:29,  3.25s/it]
running layers(cuda:0):  87%|########7 | 55/63 [02:57<00:25,  3.25s/it]
running layers(cuda:0):  89%|########8 | 56/63 [03:00<00:22,  3.27s/it]
running layers(cuda:0):  90%|######### | 57/63 [03:03<00:19,  3.26s/it]
running layers(cuda:0):  92%|#########2| 58/63 [03:06<00:16,  3.24s/it]
running layers(cuda:0):  94%|#########3| 59/63 [03:10<00:12,  3.24s/it]
running layers(cuda:0):  95%|#########5| 60/63 [03:13<00:09,  3.24s/it]
running layers(cuda:0):  97%|#########6| 61/63 [03:16<00:06,  3.22s/it]
running layers(cuda:0):  98%|#########8| 62/63 [03:16<00:02,  2.33s/it]
running layers(cuda:0): 100%|##########| 63/63 [03:19<00:00,  2.38s/it]
running layers(cuda:0): 100%|##########| 63/63 [03:19<00:00,  3.16s/it]
